Archive member included because of file (symbol)

/usr/local/CrossPack-AVR-20131216/lib/gcc/avr/4.8.1/../../../../avr/lib/avr5/libm.a(fixsfsi.o)
                              obj_hhkb/common/mousekey.o (__fixsfsi)
/usr/local/CrossPack-AVR-20131216/lib/gcc/avr/4.8.1/../../../../avr/lib/avr5/libm.a(fixunssfsi.o)
                              /usr/local/CrossPack-AVR-20131216/lib/gcc/avr/4.8.1/../../../../avr/lib/avr5/libm.a(fixsfsi.o) (__fixunssfsi)
/usr/local/CrossPack-AVR-20131216/lib/gcc/avr/4.8.1/../../../../avr/lib/avr5/libm.a(floatsisf.o)
                              obj_hhkb/common/mousekey.o (__floatsisf)
/usr/local/CrossPack-AVR-20131216/lib/gcc/avr/4.8.1/../../../../avr/lib/avr5/libm.a(fp_split3.o)
                              /usr/local/CrossPack-AVR-20131216/lib/gcc/avr/4.8.1/../../../../avr/lib/avr5/libm.a(fixunssfsi.o) (__fp_splitA)
/usr/local/CrossPack-AVR-20131216/lib/gcc/avr/4.8.1/../../../../avr/lib/avr5/libm.a(fp_zero.o)
                              /usr/local/CrossPack-AVR-20131216/lib/gcc/avr/4.8.1/../../../../avr/lib/avr5/libm.a(fixunssfsi.o) (__fp_zero)
/usr/local/CrossPack-AVR-20131216/lib/gcc/avr/4.8.1/../../../../avr/lib/avr5/libm.a(mulsf3.o)
                              obj_hhkb/common/mousekey.o (__mulsf3)
/usr/local/CrossPack-AVR-20131216/lib/gcc/avr/4.8.1/../../../../avr/lib/avr5/libm.a(mulsf3x.o)
                              /usr/local/CrossPack-AVR-20131216/lib/gcc/avr/4.8.1/../../../../avr/lib/avr5/libm.a(mulsf3.o) (__mulsf3x)
/usr/local/CrossPack-AVR-20131216/lib/gcc/avr/4.8.1/../../../../avr/lib/avr5/libm.a(fp_inf.o)
                              /usr/local/CrossPack-AVR-20131216/lib/gcc/avr/4.8.1/../../../../avr/lib/avr5/libm.a(mulsf3x.o) (__fp_inf)
/usr/local/CrossPack-AVR-20131216/lib/gcc/avr/4.8.1/../../../../avr/lib/avr5/libm.a(fp_nan.o)
                              /usr/local/CrossPack-AVR-20131216/lib/gcc/avr/4.8.1/../../../../avr/lib/avr5/libm.a(mulsf3x.o) (__fp_nan)
/usr/local/CrossPack-AVR-20131216/lib/gcc/avr/4.8.1/../../../../avr/lib/avr5/libm.a(fp_pscA.o)
                              /usr/local/CrossPack-AVR-20131216/lib/gcc/avr/4.8.1/../../../../avr/lib/avr5/libm.a(mulsf3x.o) (__fp_pscA)
/usr/local/CrossPack-AVR-20131216/lib/gcc/avr/4.8.1/../../../../avr/lib/avr5/libm.a(fp_pscB.o)
                              /usr/local/CrossPack-AVR-20131216/lib/gcc/avr/4.8.1/../../../../avr/lib/avr5/libm.a(mulsf3x.o) (__fp_pscB)
/usr/local/CrossPack-AVR-20131216/lib/gcc/avr/4.8.1/../../../../avr/lib/avr5/libm.a(fp_round.o)
                              /usr/local/CrossPack-AVR-20131216/lib/gcc/avr/4.8.1/../../../../avr/lib/avr5/libm.a(mulsf3.o) (__fp_round)
/usr/local/CrossPack-AVR-20131216/lib/gcc/avr/4.8.1/avr5/libgcc.a(_udivmodqi4.o)
                              obj_hhkb/protocol/lufa/lufa.o (__udivmodqi4)
/usr/local/CrossPack-AVR-20131216/lib/gcc/avr/4.8.1/avr5/libgcc.a(_divmodhi4.o)
                              obj_hhkb/common/mousekey.o (__divmodhi4)
/usr/local/CrossPack-AVR-20131216/lib/gcc/avr/4.8.1/avr5/libgcc.a(_exit.o)
                              /usr/local/CrossPack-AVR-20131216/lib/gcc/avr/4.8.1/../../../../avr/lib/avr5/crtm32u4.o (exit)
/usr/local/CrossPack-AVR-20131216/lib/gcc/avr/4.8.1/avr5/libgcc.a(_tablejump.o)
                              obj_hhkb/protocol/lufa/LUFA-git/LUFA/Drivers/USB/Core/DeviceStandardReq.o (__tablejump2__)
/usr/local/CrossPack-AVR-20131216/lib/gcc/avr/4.8.1/avr5/libgcc.a(_copy_data.o)
                              obj_hhkb/protocol/lufa/lufa.o (__do_copy_data)
/usr/local/CrossPack-AVR-20131216/lib/gcc/avr/4.8.1/avr5/libgcc.a(_clear_bss.o)
                              obj_hhkb/matrix.o (__do_clear_bss)
/usr/local/CrossPack-AVR-20131216/lib/gcc/avr/4.8.1/avr5/libgcc.a(_udivmodhi4.o)
                              /usr/local/CrossPack-AVR-20131216/lib/gcc/avr/4.8.1/avr5/libgcc.a(_divmodhi4.o) (__udivmodhi4)
/usr/local/CrossPack-AVR-20131216/lib/gcc/avr/4.8.1/../../../../avr/lib/avr5/libc.a(eerd_byte_atmega32u4.o)
                              obj_hhkb/protocol/lufa/LUFA-git/LUFA/Drivers/USB/Core/AVR8/EndpointStream_AVR8.o (__eerd_byte_m32u4)
/usr/local/CrossPack-AVR-20131216/lib/gcc/avr/4.8.1/../../../../avr/lib/avr5/libc.a(eeupd_byte_atmega32u4.o)
                              obj_hhkb/protocol/lufa/LUFA-git/LUFA/Drivers/USB/Core/AVR8/EndpointStream_AVR8.o (__eeupd_byte_m32u4)

Allocating common symbols
Common symbol       size              file

USB_IsInitialized   0x1               obj_hhkb/protocol/lufa/LUFA-git/LUFA/Drivers/USB/Core/USBTask.o
USB_DeviceState     0x1               obj_hhkb/protocol/lufa/LUFA-git/LUFA/Drivers/USB/Core/USBTask.o
USB_Device_ConfigurationNumber
                    0x1               obj_hhkb/protocol/lufa/LUFA-git/LUFA/Drivers/USB/Core/DeviceStandardReq.o
USB_Device_CurrentlySelfPowered
                    0x1               obj_hhkb/protocol/lufa/LUFA-git/LUFA/Drivers/USB/Core/DeviceStandardReq.o
[...]
Memory Configuration

Name             Origin             Length             Attributes
text             0x00000000         0x00020000         xr
data             0x00800060         0x0000ffa0         rw !x
eeprom           0x00810000         0x00010000         rw !x
fuse             0x00820000         0x00000400         rw !x
lock             0x00830000         0x00000400         rw !x
signature        0x00840000         0x00000400         rw !x
user_signatures  0x00850000         0x00000400         rw !x
*default*        0x00000000         0xffffffff

Linker script and memory map

Address of section .data set to 0x800100
LOAD /usr/local/CrossPack-AVR-20131216/lib/gcc/avr/4.8.1/../../../../avr/lib/avr5/crtm32u4.o
LOAD obj_hhkb/keymap_hhkb.o
LOAD obj_hhkb/matrix.o
LOAD obj_hhkb/led.o
LOAD obj_hhkb/protocol/lufa/lufa.o
LOAD obj_hhkb/protocol/lufa/descriptor.o
LOAD obj_hhkb/protocol/lufa/LUFA-git/LUFA/Drivers/USB/Class/Common/HIDParser.o
LOAD obj_hhkb/protocol/lufa/LUFA-git/LUFA/Drivers/USB/Core/AVR8/Device_AVR8.o
LOAD obj_hhkb/protocol/lufa/LUFA-git/LUFA/Drivers/USB/Core/AVR8/EndpointStream_AVR8.o
LOAD obj_hhkb/protocol/lufa/LUFA-git/LUFA/Drivers/USB/Core/AVR8/Endpoint_AVR8.o
LOAD obj_hhkb/protocol/lufa/LUFA-git/LUFA/Drivers/USB/Core/AVR8/Host_AVR8.o
LOAD obj_hhkb/protocol/lufa/LUFA-git/LUFA/Drivers/USB/Core/AVR8/PipeStream_AVR8.o
LOAD obj_hhkb/protocol/lufa/LUFA-git/LUFA/Drivers/USB/Core/AVR8/Pipe_AVR8.o
LOAD obj_hhkb/protocol/lufa/LUFA-git/LUFA/Drivers/USB/Core/AVR8/USBController_AVR8.o
LOAD obj_hhkb/protocol/lufa/LUFA-git/LUFA/Drivers/USB/Core/AVR8/USBInterrupt_AVR8.o
LOAD obj_hhkb/protocol/lufa/LUFA-git/LUFA/Drivers/USB/Core/ConfigDescriptors.o
LOAD obj_hhkb/protocol/lufa/LUFA-git/LUFA/Drivers/USB/Core/DeviceStandardReq.o
LOAD obj_hhkb/protocol/lufa/LUFA-git/LUFA/Drivers/USB/Core/Events.o
LOAD obj_hhkb/protocol/lufa/LUFA-git/LUFA/Drivers/USB/Core/HostStandardReq.o
LOAD obj_hhkb/protocol/lufa/LUFA-git/LUFA/Drivers/USB/Core/USBTask.o
LOAD obj_hhkb/common/host.o
LOAD obj_hhkb/common/keyboard.o
LOAD obj_hhkb/common/matrix.o
LOAD obj_hhkb/common/action.o
LOAD obj_hhkb/common/action_tapping.o
LOAD obj_hhkb/common/action_macro.o
LOAD obj_hhkb/common/action_layer.o
LOAD obj_hhkb/common/action_util.o
LOAD obj_hhkb/common/print.o
LOAD obj_hhkb/common/debug.o
LOAD obj_hhkb/common/util.o
LOAD obj_hhkb/common/hook.o
LOAD obj_hhkb/common/avr/suspend.o
LOAD obj_hhkb/common/avr/xprintf.o
LOAD obj_hhkb/common/avr/timer.o
LOAD obj_hhkb/common/avr/bootloader.o
LOAD obj_hhkb/common/keymap.o
LOAD obj_hhkb/common/mousekey.o
LOAD obj_hhkb/common/command.o
LOAD /usr/local/CrossPack-AVR-20131216/lib/gcc/avr/4.8.1/../../../../avr/lib/avr5/libm.a
START GROUP
LOAD /usr/local/CrossPack-AVR-20131216/lib/gcc/avr/4.8.1/avr5/libgcc.a
LOAD /usr/local/CrossPack-AVR-20131216/lib/gcc/avr/4.8.1/../../../../avr/lib/avr5/libm.a
LOAD /usr/local/CrossPack-AVR-20131216/lib/gcc/avr/4.8.1/../../../../avr/lib/avr5/libc.a
END GROUP

.hash
 *(.hash)

.dynsym
 *(.dynsym)

.dynstr
 *(.dynstr)

.gnu.version
 *(.gnu.version)

.gnu.version_d
 *(.gnu.version_d)

.gnu.version_r
 *(.gnu.version_r)

.rel.init
 *(.rel.init)

.rela.init
 *(.rela.init)

.rel.text
 *(.rel.text)
 *(.rel.text.*)
 *(.rel.gnu.linkonce.t*)

.rela.text
 *(.rela.text)
 *(.rela.text.*)
 *(.rela.gnu.linkonce.t*)

.rel.fini
 *(.rel.fini)

.rela.fini
 *(.rela.fini)

.rel.rodata
 *(.rel.rodata)
 *(.rel.rodata.*)
 *(.rel.gnu.linkonce.r*)

.rela.rodata
 *(.rela.rodata)
 *(.rela.rodata.*)
 *(.rela.gnu.linkonce.r*)

.rel.data
 *(.rel.data)
 *(.rel.data.*)
 *(.rel.gnu.linkonce.d*)

.rela.data
 *(.rela.data)
 *(.rela.data.*)
 *(.rela.gnu.linkonce.d*)

.rel.ctors
 *(.rel.ctors)

.rela.ctors
 *(.rela.ctors)

.rel.dtors
 *(.rel.dtors)

.rela.dtors
 *(.rela.dtors)

.rel.got
 *(.rel.got)

.rela.got
 *(.rela.got)

.rel.bss
 *(.rel.bss)

.rela.bss
 *(.rela.bss)

.rel.plt
 *(.rel.plt)

.rela.plt
 *(.rela.plt)

.text           0x00000000     0x4aa6
 *(.vectors)
 .vectors       0x00000000       0xac /usr/local/CrossPack-AVR-20131216/lib/gcc/avr/4.8.1/../../../../avr/lib/avr5/crtm32u4.o
                0x00000000                __vectors
                0x00000000                __vector_default
 *(.vectors)
 *(.progmem.gcc*)
 .progmem.gcc_sw_table.USB_Device_ProcessControlRequest
                0x000000ac       0x14 obj_hhkb/protocol/lufa/LUFA-git/LUFA/Drivers/USB/Core/DeviceStandardReq.o
 .progmem.gcc_sw_table.process_action
                0x000000c0       0x20 obj_hhkb/common/action.o
                0x000000e0                . = ALIGN (0x2)
                0x000000e0                __trampolines_start = .
 *(.trampolines)
 .trampolines   0x000000e0        0x0 linker stubs
 *(.trampolines*)
                0x000000e0                __trampolines_end = .
 *(.progmem*)
 .progmem.data.fn_actions
                0x000000e0        0x2 obj_hhkb/keymap_hhkb.o
                0x000000e0                fn_actions
 .progmem.data.keymaps
                0x000000e2       0x80 obj_hhkb/keymap_hhkb.o
                0x000000e2                keymaps
 .progmem.data.__c.4790
                0x00000162       0x11 obj_hhkb/protocol/lufa/lufa.o
 .progmem.data.__c.4788
                0x00000173       0x11 obj_hhkb/protocol/lufa/lufa.o
 .progmem.data.__c.4783
                0x00000184        0x8 obj_hhkb/protocol/lufa/lufa.o
 .progmem.data.__c.4677
                0x0000018c        0x4 obj_hhkb/protocol/lufa/lufa.o
 .progmem.data.__c.4672
                0x00000190        0x4 obj_hhkb/protocol/lufa/lufa.o
 .progmem.data.ProductString
                0x00000194       0x14 obj_hhkb/protocol/lufa/descriptor.o
                0x00000194                ProductString
 .progmem.data.ManufacturerString
                0x000001a8       0x10 obj_hhkb/protocol/lufa/descriptor.o
                0x000001a8                ManufacturerString
 .progmem.data.LanguageString
                0x000001b8        0x4 obj_hhkb/protocol/lufa/descriptor.o
                0x000001b8                LanguageString
 .progmem.data.ConfigurationDescriptor
                0x000001bc       0x8d obj_hhkb/protocol/lufa/descriptor.o
                0x000001bc                ConfigurationDescriptor
 .progmem.data.DeviceDescriptor
                0x00000249       0x12 obj_hhkb/protocol/lufa/descriptor.o
                0x00000249                DeviceDescriptor
 .progmem.data.NKROReport
                0x0000025b       0x39 obj_hhkb/protocol/lufa/descriptor.o
                0x0000025b                NKROReport
 .progmem.data.ConsoleReport
                0x00000294       0x22 obj_hhkb/protocol/lufa/descriptor.o
                0x00000294                ConsoleReport
 .progmem.data.ExtrakeyReport
                0x000002b6       0x36 obj_hhkb/protocol/lufa/descriptor.o
                0x000002b6                ExtrakeyReport
 .progmem.data.MouseReport
                0x000002ec       0x4d obj_hhkb/protocol/lufa/descriptor.o
                0x000002ec                MouseReport
 .progmem.data.KeyboardReport
                0x00000339       0x40 obj_hhkb/protocol/lufa/descriptor.o
                0x00000339                KeyboardReport
 .progmem.data.__c.4409
                0x00000379       0x10 obj_hhkb/common/host.o
 .progmem.data.__c.4404
                0x00000389        0xe obj_hhkb/common/host.o
 .progmem.data.__c.4396
                0x00000397        0x2 obj_hhkb/common/host.o
 .progmem.data.__c.4391
                0x00000399        0x6 obj_hhkb/common/host.o
 .progmem.data.__c.4388
                0x0000039f        0xb obj_hhkb/common/host.o
 .progmem.data.__c.4736
                0x000003aa        0xb obj_hhkb/common/keyboard.o
 .progmem.data.__c.1714
                0x000003b5        0xe obj_hhkb/common/matrix.o
 .progmem.data.__c.1711
                0x000003c3        0xe obj_hhkb/common/matrix.o
 .progmem.data.__c.4539
                0x000003d1       0x1e obj_hhkb/common/action_util.o
 .progmem.data.__c.4534
                0x000003ef       0x1e obj_hhkb/common/action_util.o
 .progmem.data.__c.4447
                0x0000040d       0x12 obj_hhkb/common/action_util.o
 .progmem.data.__c.4468
                0x0000041f        0x3 obj_hhkb/common/mousekey.o
 .progmem.data.__c.4466
                0x00000422        0x3 obj_hhkb/common/mousekey.o
 .progmem.data.__c.4464
                0x00000425        0x2 obj_hhkb/common/mousekey.o
 .progmem.data.__c.4462
                0x00000427        0x3 obj_hhkb/common/mousekey.o
 .progmem.data.__c.4460
                0x0000042a        0x3 obj_hhkb/common/mousekey.o
 .progmem.data.__c.4458
                0x0000042d        0x3 obj_hhkb/common/mousekey.o
 .progmem.data.__c.4456
                0x00000430        0x2 obj_hhkb/common/mousekey.o
 .progmem.data.__c.4454
                0x00000432        0x3 obj_hhkb/common/mousekey.o
 .progmem.data.__c.4452
                0x00000435        0x2 obj_hhkb/common/mousekey.o
 .progmem.data.__c.4450
                0x00000437        0x3 obj_hhkb/common/mousekey.o
 .progmem.data.__c.4448
                0x0000043a        0x2 obj_hhkb/common/mousekey.o
 .progmem.data.__c.4446
                0x0000043c        0x3 obj_hhkb/common/mousekey.o
 .progmem.data.__c.4444
                0x0000043f        0x2 obj_hhkb/common/mousekey.o
 .progmem.data.__c.4442
                0x00000441        0x5 obj_hhkb/common/mousekey.o
 .progmem.data.__c.4440
                0x00000446       0x23 obj_hhkb/common/mousekey.o
 .progmem.data.__c.4963
                0x00000469       0x1b obj_hhkb/common/command.o
 .progmem.data.__c.4960
                0x00000484       0x19 obj_hhkb/common/command.o
 .progmem.data.__c.4957
                0x0000049d       0x15 obj_hhkb/common/command.o
 .progmem.data.__c.4954
                0x000004b2       0x13 obj_hhkb/common/command.o
 .progmem.data.__c.4951
                0x000004c5       0x12 obj_hhkb/common/command.o
 .progmem.data.__c.4947
                0x000004d7        0xf obj_hhkb/common/command.o
 .progmem.data.__c.4940
                0x000004e6       0x1b obj_hhkb/common/command.o
 .progmem.data.__c.4937
                0x00000501       0x19 obj_hhkb/common/command.o
 .progmem.data.__c.4934
                0x0000051a       0x15 obj_hhkb/common/command.o
 .progmem.data.__c.4931
                0x0000052f       0x13 obj_hhkb/common/command.o
 .progmem.data.__c.4928
                0x00000542       0x12 obj_hhkb/common/command.o
 .progmem.data.__c.4924
                0x00000554        0xf obj_hhkb/common/command.o
 .progmem.data.__c.4917
                0x00000563        0x2 obj_hhkb/common/command.o
 .progmem.data.__c.4915
                0x00000565        0x3 obj_hhkb/common/command.o
 .progmem.data.__c.4913
                0x00000568       0x17 obj_hhkb/common/command.o
 .progmem.data.__c.4911
                0x0000057f        0x2 obj_hhkb/common/command.o
 .progmem.data.__c.4909
                0x00000581        0x3 obj_hhkb/common/command.o
 .progmem.data.__c.4907
                0x00000584       0x15 obj_hhkb/common/command.o
 .progmem.data.__c.4905
                0x00000599        0x2 obj_hhkb/common/command.o
 .progmem.data.__c.4903
                0x0000059b        0x3 obj_hhkb/common/command.o
 .progmem.data.__c.4901
                0x0000059e       0x11 obj_hhkb/common/command.o
 .progmem.data.__c.4899
                0x000005af        0x2 obj_hhkb/common/command.o
 .progmem.data.__c.4897
                0x000005b1        0x3 obj_hhkb/common/command.o
 .progmem.data.__c.4895
                0x000005b4        0xf obj_hhkb/common/command.o
 .progmem.data.__c.4893
                0x000005c3        0x2 obj_hhkb/common/command.o
 .progmem.data.__c.4891
                0x000005c5        0x3 obj_hhkb/common/command.o
 .progmem.data.__c.4889
                0x000005c8       0x12 obj_hhkb/common/command.o
 .progmem.data.__c.4887
                0x000005da        0x2 obj_hhkb/common/command.o
 .progmem.data.__c.4885
                0x000005dc        0x3 obj_hhkb/common/command.o
 .progmem.data.__c.4883
                0x000005df       0x12 obj_hhkb/common/command.o
 .progmem.data.__c.4881
                0x000005f1        0xe obj_hhkb/common/command.o
 .progmem.data.__c.5001
                0x000005ff        0x3 obj_hhkb/common/command.o
 .progmem.data.__c.4999
                0x00000602        0x6 obj_hhkb/common/command.o
 .progmem.data.__c.4997
                0x00000608        0x2 obj_hhkb/common/command.o
 .progmem.data.__c.4994
                0x0000060a        0xd obj_hhkb/common/command.o
 .progmem.data.__c.4980
                0x00000617        0x4 obj_hhkb/common/command.o
 .progmem.data.__c.4970
                0x0000061b       0x4e obj_hhkb/common/command.o
 .progmem.data.__c.4968
                0x00000669       0xfb obj_hhkb/common/command.o
 .progmem.data.__c.4873
                0x00000764        0x2 obj_hhkb/common/command.o
 .progmem.data.__c.4870
                0x00000766        0x4 obj_hhkb/common/command.o
 .progmem.data.__c.4875
                0x0000076a        0x4 obj_hhkb/common/command.o
 .progmem.data.__c.5019
                0x0000076e        0x5 obj_hhkb/common/command.o
 .progmem.data.__c.4859
                0x00000773       0x27 obj_hhkb/common/command.o
 .progmem.data.__c.4782
                0x0000079a       0x9b obj_hhkb/common/command.o
 .progmem.data.__c.4854
                0x00000835        0x2 obj_hhkb/common/command.o
 .progmem.data.__c.4845
                0x00000837        0xb obj_hhkb/common/command.o
 .progmem.data.__c.4843
                0x00000842        0xa obj_hhkb/common/command.o
 .progmem.data.__c.4840
                0x0000084c       0x17 obj_hhkb/common/command.o
 .progmem.data.__c.4838
                0x00000863       0x13 obj_hhkb/common/command.o
 .progmem.data.__c.4836
                0x00000876       0x13 obj_hhkb/common/command.o
 .progmem.data.__c.4834
                0x00000889       0x17 obj_hhkb/common/command.o
 .progmem.data.__c.4832
                0x000008a0       0x1a obj_hhkb/common/command.o
 .progmem.data.__c.4830
                0x000008ba        0xe obj_hhkb/common/command.o
 .progmem.data.__c.4827
                0x000008c8       0x2e obj_hhkb/common/command.o
 .progmem.data.__c.4825
                0x000008f6       0x3b obj_hhkb/common/command.o
 .progmem.data.__c.4823
                0x00000931       0x27 obj_hhkb/common/command.o
 .progmem.data.__c.4821
                0x00000958       0x37 obj_hhkb/common/command.o
 .progmem.data.__c.4819
                0x0000098f       0x2d obj_hhkb/common/command.o
 .progmem.data.__c.4817
                0x000009bc        0xf obj_hhkb/common/command.o
 .progmem.data.__c.4814
                0x000009cb        0xd obj_hhkb/common/command.o
 .progmem.data.__c.4812
                0x000009d8        0xc obj_hhkb/common/command.o
 .progmem.data.__c.4809
                0x000009e4       0x10 obj_hhkb/common/command.o
 .progmem.data.__c.4807
                0x000009f4        0xf obj_hhkb/common/command.o
 .progmem.data.__c.4804
                0x00000a03        0xe obj_hhkb/common/command.o
 .progmem.data.__c.4802
                0x00000a11        0xd obj_hhkb/common/command.o
 .progmem.data.__c.4799
                0x00000a1e        0xc obj_hhkb/common/command.o
 .progmem.data.__c.4797
                0x00000a2a        0xd obj_hhkb/common/command.o
 .progmem.data.__c.4794
                0x00000a37       0x11 obj_hhkb/common/command.o
 .progmem.data.__c.4791
                0x00000a48        0x4 obj_hhkb/common/command.o
                0x00000a4c                . = ALIGN (0x2)
 *(.jumptables)
 *(.jumptables*)
 *(.lowtext)
 *(.lowtext*)
                0x00000a4c                __ctors_start = .
 *(.ctors)
                0x00000a4c                __ctors_end = .
                0x00000a4c                __dtors_start = .
 *(.dtors)
                0x00000a4c                __dtors_end = .
 SORT(*)(.ctors)
 SORT(*)(.dtors)
 *(.init0)
 .init0         0x00000a4c        0x0 /usr/local/CrossPack-AVR-20131216/lib/gcc/avr/4.8.1/../../../../avr/lib/avr5/crtm32u4.o
                0x00000a4c                __init
 *(.init0)
 *(.init1)
 *(.init1)
 *(.init2)
 .init2         0x00000a4c        0xc /usr/local/CrossPack-AVR-20131216/lib/gcc/avr/4.8.1/../../../../avr/lib/avr5/crtm32u4.o
 *(.init2)
 *(.init3)
 .init3         0x00000a58       0x4e obj_hhkb/common/avr/bootloader.o
                0x00000a58                bootloader_jump_after_watchdog_reset
 *(.init3)
 *(.init4)
 .init4         0x00000aa6       0x16 /usr/local/CrossPack-AVR-20131216/lib/gcc/avr/4.8.1/avr5/libgcc.a(_copy_data.o)
                0x00000aa6                __do_copy_data
 .init4         0x00000abc       0x10 /usr/local/CrossPack-AVR-20131216/lib/gcc/avr/4.8.1/avr5/libgcc.a(_clear_bss.o)
                0x00000abc                __do_clear_bss
 *(.init4)
 *(.init5)
 *(.init5)
 *(.init6)
 *(.init6)
 *(.init7)
 *(.init7)
 *(.init8)
 *(.init8)
 *(.init9)
 .init9         0x00000acc        0x8 /usr/local/CrossPack-AVR-20131216/lib/gcc/avr/4.8.1/../../../../avr/lib/avr5/crtm32u4.o
 *(.init9)
 *(.text)
 .text          0x00000ad4        0x4 /usr/local/CrossPack-AVR-20131216/lib/gcc/avr/4.8.1/../../../../avr/lib/avr5/crtm32u4.o
                0x00000ad4                __vector_42
                0x00000ad4                __vector_22
                0x00000ad4                __vector_28
                0x00000ad4                __vector_1
                0x00000ad4                __vector_32
                0x00000ad4                __vector_34
                0x00000ad4                __vector_24
                0x00000ad4                __bad_interrupt
                0x00000ad4                __vector_6
                0x00000ad4                __vector_31
                0x00000ad4                __vector_35
                0x00000ad4                __vector_39
                0x00000ad4                __vector_3
                0x00000ad4                __vector_23
                0x00000ad4                __vector_30
                0x00000ad4                __vector_25
                0x00000ad4                __vector_13
                0x00000ad4                __vector_17
                0x00000ad4                __vector_19
                0x00000ad4                __vector_7
                0x00000ad4                __vector_41
                0x00000ad4                __vector_27
                0x00000ad4                __vector_5
                0x00000ad4                __vector_33
                0x00000ad4                __vector_37
                0x00000ad4                __vector_4
                0x00000ad4                __vector_9
                0x00000ad4                __vector_2
                0x00000ad4                __vector_15
                0x00000ad4                __vector_36
                0x00000ad4                __vector_29
                0x00000ad4                __vector_40
                0x00000ad4                __vector_8
                0x00000ad4                __vector_26
                0x00000ad4                __vector_14
                0x00000ad4                __vector_16
                0x00000ad4                __vector_18
                0x00000ad4                __vector_20
                0x00000ad4                __vector_38
 .text          0x00000ad8      0x15c obj_hhkb/common/avr/xprintf.o
                0x00000ad8                xputc
                0x00000af0                xputs
                0x00000afe                xitoa
                0x00000c22                __xprintf
                0x00000c34                . = ALIGN (0x2)
 *(.text.*)
 .text.matrix_init
                0x00000c34       0x52 obj_hhkb/matrix.o
                0x00000c34                matrix_init
 .text.matrix_scan
                0x00000c86      0x19c obj_hhkb/matrix.o
                0x00000c86                matrix_scan
 .text.matrix_get_row
                0x00000e22       0x10 obj_hhkb/matrix.o
                0x00000e22                matrix_get_row
 .text.matrix_power_up
                0x00000e32        0x2 obj_hhkb/matrix.o
                0x00000e32                matrix_power_up
 .text.matrix_power_down
                0x00000e34        0x2 obj_hhkb/matrix.o
                0x00000e34                matrix_power_down
 .text.led_set  0x00000e36        0xe obj_hhkb/led.o
                0x00000e36                led_set
 .text.keyboard_leds
                0x00000e44        0x6 obj_hhkb/protocol/lufa/lufa.o
 .text.sendchar
                0x00000e4a       0xc8 obj_hhkb/protocol/lufa/lufa.o
                0x00000e4a                sendchar
 .text.send_consumer
                0x00000f12       0x66 obj_hhkb/protocol/lufa/lufa.o
 .text.send_system
                0x00000f78       0x68 obj_hhkb/protocol/lufa/lufa.o
 .text.send_mouse
                0x00000fe0       0x46 obj_hhkb/protocol/lufa/lufa.o
 .text.send_keyboard
                0x00001026       0xa4 obj_hhkb/protocol/lufa/lufa.o
 .text.EVENT_USB_Device_Connect
                0x000010ca       0x24 obj_hhkb/protocol/lufa/lufa.o
                0x000010ca                EVENT_USB_Device_Connect
 .text.EVENT_USB_Device_Disconnect
                0x000010ee        0xe obj_hhkb/protocol/lufa/lufa.o
                0x000010ee                EVENT_USB_Device_Disconnect
 .text.EVENT_USB_Device_Reset
                0x000010fc        0x2 obj_hhkb/protocol/lufa/lufa.o
                0x000010fc                EVENT_USB_Device_Reset
 .text.EVENT_USB_Device_StartOfFrame
                0x000010fe       0x80 obj_hhkb/protocol/lufa/lufa.o
                0x000010fe                EVENT_USB_Device_StartOfFrame
 .text.EVENT_USB_Device_ConfigurationChanged
                0x0000117e       0x32 obj_hhkb/protocol/lufa/lufa.o
                0x0000117e                EVENT_USB_Device_ConfigurationChanged
 .text.EVENT_USB_Device_ControlRequest
                0x000011b0      0x164 obj_hhkb/protocol/lufa/lufa.o
                0x000011b0                EVENT_USB_Device_ControlRequest
 .text.hook_early_init
                0x00001314        0x2 obj_hhkb/protocol/lufa/lufa.o
                0x00001314                hook_early_init
 .text.hook_late_init
                0x00001316        0x2 obj_hhkb/protocol/lufa/lufa.o
                0x00001316                hook_late_init
 .text.hook_usb_suspend_entry
                0x00001318       0x1a obj_hhkb/protocol/lufa/lufa.o
                0x00001318                hook_usb_suspend_entry
 .text.EVENT_USB_Device_Suspend
                0x00001332        0x4 obj_hhkb/protocol/lufa/lufa.o
                0x00001332                EVENT_USB_Device_Suspend
 .text.hook_usb_suspend_loop
                0x00001336       0x18 obj_hhkb/protocol/lufa/lufa.o
                0x00001336                hook_usb_suspend_loop
 .text.startup.main
                0x0000134e       0x90 obj_hhkb/protocol/lufa/lufa.o
                0x0000134e                main
 .text.hook_usb_wakeup
                0x000013de        0xe obj_hhkb/protocol/lufa/lufa.o
                0x000013de                hook_usb_wakeup
 .text.EVENT_USB_Device_WakeUp
                0x000013ec        0x4 obj_hhkb/protocol/lufa/lufa.o
                0x000013ec                EVENT_USB_Device_WakeUp
 .text.CALLBACK_USB_GetDescriptor
                0x000013f0       0xb2 obj_hhkb/protocol/lufa/descriptor.o
                0x000013f0                CALLBACK_USB_GetDescriptor
 .text.USB_Device_SendRemoteWakeup
                0x000014a2       0x2c obj_hhkb/protocol/lufa/LUFA-git/LUFA/Drivers/USB/Core/AVR8/Device_AVR8.o
                0x000014a2                USB_Device_SendRemoteWakeup
 .text.Endpoint_Write_Stream_LE
                0x000014ce       0x92 obj_hhkb/protocol/lufa/LUFA-git/LUFA/Drivers/USB/Core/AVR8/EndpointStream_AVR8.o
                0x000014ce                Endpoint_Write_Stream_LE
 .text.Endpoint_Write_Control_Stream_LE
                0x00001560       0xc2 obj_hhkb/protocol/lufa/LUFA-git/LUFA/Drivers/USB/Core/AVR8/EndpointStream_AVR8.o
                0x00001560                Endpoint_Write_Control_Stream_LE
 .text.Endpoint_Write_Control_PStream_LE
                0x00001622       0xc4 obj_hhkb/protocol/lufa/LUFA-git/LUFA/Drivers/USB/Core/AVR8/EndpointStream_AVR8.o
                0x00001622                Endpoint_Write_Control_PStream_LE
 .text.Endpoint_ConfigureEndpoint_Prv
                0x000016e6       0x6a obj_hhkb/protocol/lufa/LUFA-git/LUFA/Drivers/USB/Core/AVR8/Endpoint_AVR8.o
                0x000016e6                Endpoint_ConfigureEndpoint_Prv
 .text.Endpoint_ClearStatusStage
                0x00001750       0x42 obj_hhkb/protocol/lufa/LUFA-git/LUFA/Drivers/USB/Core/AVR8/Endpoint_AVR8.o
                0x00001750                Endpoint_ClearStatusStage
 .text.Endpoint_WaitUntilReady
                0x00001792       0x60 obj_hhkb/protocol/lufa/LUFA-git/LUFA/Drivers/USB/Core/AVR8/Endpoint_AVR8.o
                0x00001792                Endpoint_WaitUntilReady
 .text.USB_Disable
                0x000017f2       0x34 obj_hhkb/protocol/lufa/LUFA-git/LUFA/Drivers/USB/Core/AVR8/USBController_AVR8.o
                0x000017f2                USB_Disable
 .text.USB_ResetInterface
                0x00001826       0x86 obj_hhkb/protocol/lufa/LUFA-git/LUFA/Drivers/USB/Core/AVR8/USBController_AVR8.o
                0x00001826                USB_ResetInterface
 .text.USB_Init
                0x000018ac       0x22 obj_hhkb/protocol/lufa/LUFA-git/LUFA/Drivers/USB/Core/AVR8/USBController_AVR8.o
                0x000018ac                USB_Init
 .text.USB_INT_DisableAllInterrupts
                0x000018ce       0x10 obj_hhkb/protocol/lufa/LUFA-git/LUFA/Drivers/USB/Core/AVR8/USBInterrupt_AVR8.o
                0x000018ce                USB_INT_DisableAllInterrupts
 .text.USB_INT_ClearAllInterrupts
                0x000018de        0xa obj_hhkb/protocol/lufa/LUFA-git/LUFA/Drivers/USB/Core/AVR8/USBInterrupt_AVR8.o
                0x000018de                USB_INT_ClearAllInterrupts
 .text.__vector_10
                0x000018e8      0x1a4 obj_hhkb/protocol/lufa/LUFA-git/LUFA/Drivers/USB/Core/AVR8/USBInterrupt_AVR8.o
                0x000018e8                __vector_10
 .text.__vector_11
                0x00001a8c       0x78 obj_hhkb/protocol/lufa/LUFA-git/LUFA/Drivers/USB/Core/AVR8/USBInterrupt_AVR8.o
                0x00001a8c                __vector_11
 .text.USB_Device_ProcessControlRequest
                0x00001b04      0x29c obj_hhkb/protocol/lufa/LUFA-git/LUFA/Drivers/USB/Core/DeviceStandardReq.o
                0x00001b04                USB_Device_ProcessControlRequest
 .text.host_set_driver
                0x00001da0        0xa obj_hhkb/common/host.o
                0x00001da0                host_set_driver
 .text.host_keyboard_leds
                0x00001daa       0x18 obj_hhkb/common/host.o
                0x00001daa                host_keyboard_leds
 .text.host_keyboard_send
                0x00001dc2       0x8a obj_hhkb/common/host.o
                0x00001dc2                host_keyboard_send
 .text.host_mouse_send
                0x00001e4c       0x16 obj_hhkb/common/host.o
                0x00001e4c                host_mouse_send
 .text.host_system_send
                0x00001e62       0x5c obj_hhkb/common/host.o
                0x00001e62                host_system_send
 .text.host_consumer_send
                0x00001ebe       0x5c obj_hhkb/common/host.o
                0x00001ebe                host_consumer_send
 .text.keyboard_setup
                0x00001f1a        0x4 obj_hhkb/common/keyboard.o
                0x00001f1a                keyboard_setup
 .text.keyboard_init
                0x00001f1e        0x8 obj_hhkb/common/keyboard.o
                0x00001f1e                keyboard_init
 .text.keyboard_task
                0x00001f26      0x17a obj_hhkb/common/keyboard.o
                0x00001f26                keyboard_task
 .text.keyboard_set_leds
                0x000020a0        0x4 obj_hhkb/common/keyboard.o
                0x000020a0                keyboard_set_leds
 .text.matrix_clear
                0x000020a4        0x2 obj_hhkb/common/matrix.o
                0x000020a4                matrix_clear
 .text.matrix_setup
                0x000020a6        0x2 obj_hhkb/common/matrix.o
                0x000020a6                matrix_setup
 .text.matrix_print
                0x000020a8       0x68 obj_hhkb/common/matrix.o
                0x000020a8                matrix_print
 .text.action_exec
                0x00002110       0x84 obj_hhkb/common/action.o
                0x00002110                action_exec
 .text.register_code
                0x00002194      0x154 obj_hhkb/common/action.o
                0x00002194                register_code
 .text.unregister_code
                0x000022e8       0x50 obj_hhkb/common/action.o
                0x000022e8                unregister_code
 .text.register_mods
                0x00002338        0xe obj_hhkb/common/action.o
                0x00002338                register_mods
 .text.unregister_mods
                0x00002346        0xe obj_hhkb/common/action.o
                0x00002346                unregister_mods
 .text.process_action
                0x00002354      0x61a obj_hhkb/common/action.o
                0x00002354                process_action
 .text.clear_keyboard_but_mods
                0x0000296e       0x24 obj_hhkb/common/action.o
                0x0000296e                clear_keyboard_but_mods
 .text.clear_keyboard
                0x00002992        0x8 obj_hhkb/common/action.o
                0x00002992                clear_keyboard
 .text.is_tap_key
                0x0000299a       0x4a obj_hhkb/common/action.o
                0x0000299a                is_tap_key
 .text.debug_event
                0x000029e4       0x1e obj_hhkb/common/action.o
                0x000029e4                debug_event
 .text.debug_record
                0x00002a02       0x20 obj_hhkb/common/action.o
                0x00002a02                debug_record
 .text.debug_waiting_buffer
                0x00002a22       0x42 obj_hhkb/common/action_tapping.o
 .text.debug_tapping_key
                0x00002a64       0x1c obj_hhkb/common/action_tapping.o
 .text.waiting_buffer_scan_tap
                0x00002a80       0xd0 obj_hhkb/common/action_tapping.o
 .text.process_tapping
                0x00002b50      0x3da obj_hhkb/common/action_tapping.o
 .text.action_tapping_process
                0x00002f2a      0x15a obj_hhkb/common/action_tapping.o
                0x00002f2a                action_tapping_process
 .text.action_macro_play
                0x00003084      0x13a obj_hhkb/common/action_macro.o
                0x00003084                action_macro_play
 .text.default_layer_state_set
                0x000031be       0x18 obj_hhkb/common/action_layer.o
 .text.layer_state_set
                0x000031d6       0x18 obj_hhkb/common/action_layer.o
 .text.default_layer_debug
                0x000031ee        0x2 obj_hhkb/common/action_layer.o
                0x000031ee                default_layer_debug
 .text.default_layer_set
                0x000031f0        0x4 obj_hhkb/common/action_layer.o
                0x000031f0                default_layer_set
 .text.default_layer_or
                0x000031f4       0x24 obj_hhkb/common/action_layer.o
                0x000031f4                default_layer_or
 .text.default_layer_and
                0x00003218       0x24 obj_hhkb/common/action_layer.o
                0x00003218                default_layer_and
 .text.default_layer_xor
                0x0000323c       0x24 obj_hhkb/common/action_layer.o
                0x0000323c                default_layer_xor
 .text.layer_clear
                0x00003260        0xa obj_hhkb/common/action_layer.o
                0x00003260                layer_clear
 .text.layer_move
                0x0000326a       0x1e obj_hhkb/common/action_layer.o
                0x0000326a                layer_move
 .text.layer_on
                0x00003288       0x36 obj_hhkb/common/action_layer.o
                0x00003288                layer_on
 .text.layer_off
                0x000032be       0x3e obj_hhkb/common/action_layer.o
                0x000032be                layer_off
 .text.layer_invert
                0x000032fc       0x36 obj_hhkb/common/action_layer.o
                0x000032fc                layer_invert
 .text.layer_or
                0x00003332       0x24 obj_hhkb/common/action_layer.o
                0x00003332                layer_or
 .text.layer_and
                0x00003356       0x24 obj_hhkb/common/action_layer.o
                0x00003356                layer_and
 .text.layer_xor
                0x0000337a       0x24 obj_hhkb/common/action_layer.o
                0x0000337a                layer_xor
 .text.layer_debug
                0x0000339e        0x2 obj_hhkb/common/action_layer.o
                0x0000339e                layer_debug
 .text.layer_switch_get_action
                0x000033a0       0x84 obj_hhkb/common/action_layer.o
                0x000033a0                layer_switch_get_action
 .text.add_key  0x00003424       0xa2 obj_hhkb/common/action_util.o
                0x00003424                add_key
 .text.del_key  0x000034c6       0x88 obj_hhkb/common/action_util.o
                0x000034c6                del_key
 .text.clear_keys
                0x0000354e       0x1c obj_hhkb/common/action_util.o
                0x0000354e                clear_keys
 .text.get_mods
                0x0000356a        0x6 obj_hhkb/common/action_util.o
                0x0000356a                get_mods
 .text.add_mods
                0x00003570        0xc obj_hhkb/common/action_util.o
                0x00003570                add_mods
 .text.del_mods
                0x0000357c        0xe obj_hhkb/common/action_util.o
                0x0000357c                del_mods
 .text.set_mods
                0x0000358a        0x6 obj_hhkb/common/action_util.o
                0x0000358a                set_mods
 .text.clear_mods
                0x00003590        0x6 obj_hhkb/common/action_util.o
                0x00003590                clear_mods
 .text.add_weak_mods
                0x00003596        0xc obj_hhkb/common/action_util.o
                0x00003596                add_weak_mods
 .text.del_weak_mods
                0x000035a2        0xe obj_hhkb/common/action_util.o
                0x000035a2                del_weak_mods
 .text.clear_weak_mods
                0x000035b0        0x6 obj_hhkb/common/action_util.o
                0x000035b0                clear_weak_mods
 .text.set_oneshot_mods
                0x000035b6       0x12 obj_hhkb/common/action_util.o
                0x000035b6                set_oneshot_mods
 .text.clear_oneshot_mods
                0x000035c8        0xe obj_hhkb/common/action_util.o
                0x000035c8                clear_oneshot_mods
 .text.has_anykey
                0x000035d6       0x26 obj_hhkb/common/action_util.o
                0x000035d6                has_anykey
 .text.send_keyboard_report
                0x000035fc       0xb2 obj_hhkb/common/action_util.o
                0x000035fc                send_keyboard_report
 .text.print_set_sendchar
                0x000036ae        0xa obj_hhkb/common/print.o
                0x000036ae                print_set_sendchar
 .text.bitrev   0x000036b8       0x24 obj_hhkb/common/util.o
                0x000036b8                bitrev
 .text.hook_keyboard_loop
                0x000036dc        0x2 obj_hhkb/common/hook.o
                0x000036dc                hook_keyboard_loop
 .text.hook_matrix_change
                0x000036de       0x1e obj_hhkb/common/hook.o
                0x000036de                hook_matrix_change
 .text.hook_default_layer_change
                0x000036fc        0x2 obj_hhkb/common/hook.o
                0x000036fc                hook_default_layer_change
 .text.hook_layer_change
                0x000036fe        0x2 obj_hhkb/common/hook.o
                0x000036fe                hook_layer_change
 .text.hook_keyboard_leds_change
                0x00003700        0x4 obj_hhkb/common/hook.o
                0x00003700                hook_keyboard_leds_change
 .text.suspend_power_down
                0x00003704       0x4c obj_hhkb/common/avr/suspend.o
                0x00003704                suspend_power_down
 .text.suspend_wakeup_condition
                0x00003750       0x2a obj_hhkb/common/avr/suspend.o
                0x00003750                suspend_wakeup_condition
 .text.suspend_wakeup_init
                0x0000377a        0x8 obj_hhkb/common/avr/suspend.o
                0x0000377a                suspend_wakeup_init
 .text.__vector_12
                0x00003782       0x52 obj_hhkb/common/avr/suspend.o
                0x00003782                __vector_12
 .text.timer_init
                0x000037d4       0x12 obj_hhkb/common/avr/timer.o
                0x000037d4                timer_init
 .text.timer_read
                0x000037e6       0x18 obj_hhkb/common/avr/timer.o
                0x000037e6                timer_read
 .text.timer_read32
                0x000037fe       0x18 obj_hhkb/common/avr/timer.o
                0x000037fe                timer_read32
 .text.timer_elapsed
                0x00003816       0x52 obj_hhkb/common/avr/timer.o
                0x00003816                timer_elapsed
 .text.timer_elapsed32
                0x00003868       0x58 obj_hhkb/common/avr/timer.o
                0x00003868                timer_elapsed32
 .text.__vector_21
                0x000038c0       0x4a obj_hhkb/common/avr/timer.o
                0x000038c0                __vector_21
 .text.bootloader_jump
                0x0000390a       0x46 obj_hhkb/common/avr/bootloader.o
                0x0000390a                bootloader_jump
 .text.action_get_macro
                0x00003950        0x6 obj_hhkb/common/keymap.o
                0x00003950                action_get_macro
 .text.action_function
                0x00003956        0x2 obj_hhkb/common/keymap.o
                0x00003956                action_function
 .text.keymap_key_to_keycode
                0x00003958       0x24 obj_hhkb/common/keymap.o
                0x00003958                keymap_key_to_keycode
 .text.keymap_fn_to_action
                0x0000397c       0x12 obj_hhkb/common/keymap.o
                0x0000397c                keymap_fn_to_action
 .text.action_for_key
                0x0000398e      0x140 obj_hhkb/common/keymap.o
                0x0000398e                action_for_key
 .text.move_unit
                0x00003ace       0x90 obj_hhkb/common/mousekey.o
 .text.wheel_unit
                0x00003b5e       0x72 obj_hhkb/common/mousekey.o
 .text.mousekey_on
                0x00003bd0       0xd0 obj_hhkb/common/mousekey.o
                0x00003bd0                mousekey_on
 .text.mousekey_off
                0x00003ca0      0x10a obj_hhkb/common/mousekey.o
                0x00003ca0                mousekey_off
 .text.mousekey_send
                0x00003daa      0x11a obj_hhkb/common/mousekey.o
                0x00003daa                mousekey_send
 .text.mousekey_task
                0x00003ec4      0x142 obj_hhkb/common/mousekey.o
                0x00003ec4                mousekey_task
 .text.mousekey_clear
                0x00004006       0x18 obj_hhkb/common/mousekey.o
                0x00004006                mousekey_clear
 .text.mousekey_console_help
                0x0000401e       0x2e obj_hhkb/common/command.o
 .text.mousekey_param_inc
                0x0000404c      0x146 obj_hhkb/common/command.o
 .text.mousekey_param_dec
                0x00004192       0xfc obj_hhkb/common/command.o
 .text.switch_default_layer
                0x0000428e       0x3c obj_hhkb/common/command.o
 .text.command_common
                0x000042ca      0x274 obj_hhkb/common/command.o
 .text.command_extra
                0x0000453e        0x4 obj_hhkb/common/command.o
                0x0000453e                command_extra
 .text.command_console_extra
                0x00004542        0x4 obj_hhkb/common/command.o
                0x00004542                command_console_extra
 .text.command_proc
                0x00004546      0x2a4 obj_hhkb/common/command.o
                0x00004546                command_proc
 .text.avr-libc.fplib
                0x000047ea        0xa /usr/local/CrossPack-AVR-20131216/lib/gcc/avr/4.8.1/../../../../avr/lib/avr5/libm.a(fixsfsi.o)
                0x000047ea                __fixsfsi
 .text.avr-libc.fplib
                0x000047f4       0x58 /usr/local/CrossPack-AVR-20131216/lib/gcc/avr/4.8.1/../../../../avr/lib/avr5/libm.a(fixunssfsi.o)
                0x000047f4                __fixunssfsi
 .text.avr-libc.fplib
                0x0000484c       0x7a /usr/local/CrossPack-AVR-20131216/lib/gcc/avr/4.8.1/../../../../avr/lib/avr5/libm.a(floatsisf.o)
                0x0000484c                __floatunsisf
                0x00004850                __floatsisf
 .text.avr-libc.fplib
                0x000048c6       0x44 /usr/local/CrossPack-AVR-20131216/lib/gcc/avr/4.8.1/../../../../avr/lib/avr5/libm.a(fp_split3.o)
                0x000048c6                __fp_split3
                0x000048d6                __fp_splitA
 .text.avr-libc.fplib
                0x0000490a        0xe /usr/local/CrossPack-AVR-20131216/lib/gcc/avr/4.8.1/../../../../avr/lib/avr5/libm.a(fp_zero.o)
                0x0000490a                __fp_zero
                0x0000490c                __fp_szero
 .text.avr-libc.fplib
                0x00004918        0x4 /usr/local/CrossPack-AVR-20131216/lib/gcc/avr/4.8.1/../../../../avr/lib/avr5/libm.a(mulsf3.o)
                0x00004918                __mulsf3
 .text.avr-libc.fplib
                0x0000491c       0xc2 /usr/local/CrossPack-AVR-20131216/lib/gcc/avr/4.8.1/../../../../avr/lib/avr5/libm.a(mulsf3x.o)
                0x00004930                __mulsf3x
                0x00004934                __mulsf3_pse
 .text.avr-libc.fplib
                0x000049de        0xc /usr/local/CrossPack-AVR-20131216/lib/gcc/avr/4.8.1/../../../../avr/lib/avr5/libm.a(fp_inf.o)
                0x000049de                __fp_inf
 .text.avr-libc.fplib
                0x000049ea        0x6 /usr/local/CrossPack-AVR-20131216/lib/gcc/avr/4.8.1/../../../../avr/lib/avr5/libm.a(fp_nan.o)
                0x000049ea                __fp_nan
 .text.avr-libc.fplib
                0x000049f0        0xe /usr/local/CrossPack-AVR-20131216/lib/gcc/avr/4.8.1/../../../../avr/lib/avr5/libm.a(fp_pscA.o)
                0x000049f0                __fp_pscA
 .text.avr-libc.fplib
                0x000049fe        0xe /usr/local/CrossPack-AVR-20131216/lib/gcc/avr/4.8.1/../../../../avr/lib/avr5/libm.a(fp_pscB.o)
                0x000049fe                __fp_pscB
 .text.avr-libc.fplib
                0x00004a0c       0x22 /usr/local/CrossPack-AVR-20131216/lib/gcc/avr/4.8.1/../../../../avr/lib/avr5/libm.a(fp_round.o)
                0x00004a0c                __fp_round
 .text.libgcc.div
                0x00004a2e       0x18 /usr/local/CrossPack-AVR-20131216/lib/gcc/avr/4.8.1/avr5/libgcc.a(_udivmodqi4.o)
                0x00004a2e                __udivmodqi4
 .text.libgcc.div
                0x00004a46       0x28 /usr/local/CrossPack-AVR-20131216/lib/gcc/avr/4.8.1/avr5/libgcc.a(_divmodhi4.o)
                0x00004a46                __divmodhi4
                0x00004a46                _div
 .text.libgcc   0x00004a6e        0xc /usr/local/CrossPack-AVR-20131216/lib/gcc/avr/4.8.1/avr5/libgcc.a(_tablejump.o)
                0x00004a6e                __tablejump2__
                0x00004a72                __tablejump__
 .text.libgcc.div
                0x00004a7a       0x28 /usr/local/CrossPack-AVR-20131216/lib/gcc/avr/4.8.1/avr5/libgcc.a(_udivmodhi4.o)
                0x00004a7a                __udivmodhi4
                0x00004aa2                . = ALIGN (0x2)
 *(.fini9)
 .fini9         0x00004aa2        0x0 /usr/local/CrossPack-AVR-20131216/lib/gcc/avr/4.8.1/avr5/libgcc.a(_exit.o)
                0x00004aa2                exit
                0x00004aa2                _exit
 *(.fini9)
 *(.fini8)
 *(.fini8)
 *(.fini7)
 *(.fini7)
 *(.fini6)
 *(.fini6)
 *(.fini5)
 *(.fini5)
 *(.fini4)
 *(.fini4)
 *(.fini3)
 *(.fini3)
 *(.fini2)
 *(.fini2)
 *(.fini1)
 *(.fini1)
 *(.fini0)
 .fini0         0x00004aa2        0x4 /usr/local/CrossPack-AVR-20131216/lib/gcc/avr/4.8.1/avr5/libgcc.a(_exit.o)
 *(.fini0)
                0x00004aa6                _etext = .

.data           0x00800100       0x38 load address 0x00004aa6
                0x00800100                PROVIDE (__data_start, .)
 *(.data)
 .data          0x00800100        0x0 /usr/local/CrossPack-AVR-20131216/lib/gcc/avr/4.8.1/../../../../avr/lib/avr5/crtm32u4.o
 .data          0x00800100        0x0 obj_hhkb/keymap_hhkb.o
 .data          0x00800100        0x0 obj_hhkb/matrix.o
 .data          0x00800100        0x0 obj_hhkb/led.o
 .data          0x00800100        0x0 obj_hhkb/protocol/lufa/lufa.o
 .data          0x00800100        0x0 obj_hhkb/protocol/lufa/descriptor.o
 .data          0x00800100        0x0 obj_hhkb/protocol/lufa/LUFA-git/LUFA/Drivers/USB/Class/Common/HIDParser.o
 .data          0x00800100        0x0 obj_hhkb/protocol/lufa/LUFA-git/LUFA/Drivers/USB/Core/AVR8/Device_AVR8.o
 .data          0x00800100        0x0 obj_hhkb/protocol/lufa/LUFA-git/LUFA/Drivers/USB/Core/AVR8/EndpointStream_AVR8.o
 .data          0x00800100        0x0 obj_hhkb/protocol/lufa/LUFA-git/LUFA/Drivers/USB/Core/AVR8/Endpoint_AVR8.o
 .data          0x00800100        0x0 obj_hhkb/protocol/lufa/LUFA-git/LUFA/Drivers/USB/Core/AVR8/Host_AVR8.o
 .data          0x00800100        0x0 obj_hhkb/protocol/lufa/LUFA-git/LUFA/Drivers/USB/Core/AVR8/PipeStream_AVR8.o
 .data          0x00800100        0x0 obj_hhkb/protocol/lufa/LUFA-git/LUFA/Drivers/USB/Core/AVR8/Pipe_AVR8.o
 .data          0x00800100        0x0 obj_hhkb/protocol/lufa/LUFA-git/LUFA/Drivers/USB/Core/AVR8/USBController_AVR8.o
 .data          0x00800100        0x0 obj_hhkb/protocol/lufa/LUFA-git/LUFA/Drivers/USB/Core/AVR8/USBInterrupt_AVR8.o
 .data          0x00800100        0x0 obj_hhkb/protocol/lufa/LUFA-git/LUFA/Drivers/USB/Core/ConfigDescriptors.o
 .data          0x00800100        0x0 obj_hhkb/protocol/lufa/LUFA-git/LUFA/Drivers/USB/Core/DeviceStandardReq.o
 .data          0x00800100        0x0 obj_hhkb/protocol/lufa/LUFA-git/LUFA/Drivers/USB/Core/Events.o
 .data          0x00800100        0x0 obj_hhkb/protocol/lufa/LUFA-git/LUFA/Drivers/USB/Core/HostStandardReq.o
 .data          0x00800100        0x0 obj_hhkb/protocol/lufa/LUFA-git/LUFA/Drivers/USB/Core/USBTask.o
 .data          0x00800100        0x0 obj_hhkb/common/host.o
 .data          0x00800100        0x0 obj_hhkb/common/keyboard.o
 .data          0x00800100        0x0 obj_hhkb/common/matrix.o
 .data          0x00800100        0x0 obj_hhkb/common/action.o
 .data          0x00800100        0x0 obj_hhkb/common/action_tapping.o
 .data          0x00800100        0x0 obj_hhkb/common/action_macro.o
 .data          0x00800100        0x0 obj_hhkb/common/action_layer.o
 .data          0x00800100        0x0 obj_hhkb/common/action_util.o
 .data          0x00800100        0x0 obj_hhkb/common/print.o
 .data          0x00800100        0x0 obj_hhkb/common/debug.o
 .data          0x00800100        0x0 obj_hhkb/common/util.o
 .data          0x00800100        0x0 obj_hhkb/common/hook.o
 .data          0x00800100        0x0 obj_hhkb/common/avr/suspend.o
 .data          0x00800100        0x0 obj_hhkb/common/avr/xprintf.o
 .data          0x00800100        0x0 obj_hhkb/common/avr/timer.o
 .data          0x00800100        0x0 obj_hhkb/common/avr/bootloader.o
 .data          0x00800100        0x0 obj_hhkb/common/keymap.o
 .data          0x00800100        0x0 obj_hhkb/common/mousekey.o
 .data          0x00800100        0x0 obj_hhkb/common/command.o
 .data          0x00800100        0x0 /usr/local/CrossPack-AVR-20131216/lib/gcc/avr/4.8.1/../../../../avr/lib/avr5/libm.a(fixsfsi.o)
 .data          0x00800100        0x0 /usr/local/CrossPack-AVR-20131216/lib/gcc/avr/4.8.1/../../../../avr/lib/avr5/libm.a(fixunssfsi.o)
 .data          0x00800100        0x0 /usr/local/CrossPack-AVR-20131216/lib/gcc/avr/4.8.1/../../../../avr/lib/avr5/libm.a(floatsisf.o)
 .data          0x00800100        0x0 /usr/local/CrossPack-AVR-20131216/lib/gcc/avr/4.8.1/../../../../avr/lib/avr5/libm.a(fp_split3.o)
 .data          0x00800100        0x0 /usr/local/CrossPack-AVR-20131216/lib/gcc/avr/4.8.1/../../../../avr/lib/avr5/libm.a(fp_zero.o)
 .data          0x00800100        0x0 /usr/local/CrossPack-AVR-20131216/lib/gcc/avr/4.8.1/../../../../avr/lib/avr5/libm.a(mulsf3.o)
 .data          0x00800100        0x0 /usr/local/CrossPack-AVR-20131216/lib/gcc/avr/4.8.1/../../../../avr/lib/avr5/libm.a(mulsf3x.o)
 .data          0x00800100        0x0 /usr/local/CrossPack-AVR-20131216/lib/gcc/avr/4.8.1/../../../../avr/lib/avr5/libm.a(fp_inf.o)
 .data          0x00800100        0x0 /usr/local/CrossPack-AVR-20131216/lib/gcc/avr/4.8.1/../../../../avr/lib/avr5/libm.a(fp_nan.o)
 .data          0x00800100        0x0 /usr/local/CrossPack-AVR-20131216/lib/gcc/avr/4.8.1/../../../../avr/lib/avr5/libm.a(fp_pscA.o)
 .data          0x00800100        0x0 /usr/local/CrossPack-AVR-20131216/lib/gcc/avr/4.8.1/../../../../avr/lib/avr5/libm.a(fp_pscB.o)
 .data          0x00800100        0x0 /usr/local/CrossPack-AVR-20131216/lib/gcc/avr/4.8.1/../../../../avr/lib/avr5/libm.a(fp_round.o)
 .data          0x00800100        0x0 /usr/local/CrossPack-AVR-20131216/lib/gcc/avr/4.8.1/avr5/libgcc.a(_udivmodqi4.o)
 .data          0x00800100        0x0 /usr/local/CrossPack-AVR-20131216/lib/gcc/avr/4.8.1/avr5/libgcc.a(_divmodhi4.o)
 .data          0x00800100        0x0 /usr/local/CrossPack-AVR-20131216/lib/gcc/avr/4.8.1/avr5/libgcc.a(_exit.o)
 .data          0x00800100        0x0 /usr/local/CrossPack-AVR-20131216/lib/gcc/avr/4.8.1/avr5/libgcc.a(_tablejump.o)
 .data          0x00800100        0x0 /usr/local/CrossPack-AVR-20131216/lib/gcc/avr/4.8.1/avr5/libgcc.a(_copy_data.o)
 .data          0x00800100        0x0 /usr/local/CrossPack-AVR-20131216/lib/gcc/avr/4.8.1/avr5/libgcc.a(_clear_bss.o)
 .data          0x00800100        0x0 /usr/local/CrossPack-AVR-20131216/lib/gcc/avr/4.8.1/avr5/libgcc.a(_udivmodhi4.o)
 .data          0x00800100        0x0 /usr/local/CrossPack-AVR-20131216/lib/gcc/avr/4.8.1/../../../../avr/lib/avr5/libc.a(eerd_byte_atmega32u4.o)
 .data          0x00800100        0x0 /usr/local/CrossPack-AVR-20131216/lib/gcc/avr/4.8.1/../../../../avr/lib/avr5/libc.a(eeupd_byte_atmega32u4.o)
 *(.data*)
 .data.lufa_driver
                0x00800100        0xa obj_hhkb/protocol/lufa/lufa.o
                0x00800100                lufa_driver
 .data.keyboard_protocol
                0x0080010a        0x1 obj_hhkb/protocol/lufa/lufa.o
                0x0080010a                keyboard_protocol
 .data.keyboard_nkro
                0x0080010b        0x1 obj_hhkb/common/host.o
                0x0080010b                keyboard_nkro
 .data.keyboard_report
                0x0080010c        0x2 obj_hhkb/common/action_util.o
                0x0080010c                keyboard_report
 .data.mk_wheel_time_to_max
                0x0080010e        0x1 obj_hhkb/common/mousekey.o
                0x0080010e                mk_wheel_time_to_max
 .data.mk_wheel_max_speed
                0x0080010f        0x1 obj_hhkb/common/mousekey.o
                0x0080010f                mk_wheel_max_speed
 .data.mk_time_to_max
                0x00800110        0x1 obj_hhkb/common/mousekey.o
                0x00800110                mk_time_to_max
 .data.mk_max_speed
                0x00800111        0x1 obj_hhkb/common/mousekey.o
                0x00800111                mk_max_speed
 .data.mk_interval
                0x00800112        0x1 obj_hhkb/common/mousekey.o
                0x00800112                mk_interval
 .data.mk_delay
                0x00800113        0x1 obj_hhkb/common/mousekey.o
                0x00800113                mk_delay
 *(.rodata)
 *(.rodata*)
 .rodata.CSWTCH.3
                0x00800114        0x5 obj_hhkb/protocol/lufa/descriptor.o
 .rodata.CSWTCH.2
                0x00800119        0xa obj_hhkb/protocol/lufa/descriptor.o
 .rodata.CSWTCH.1
                0x00800123        0xa obj_hhkb/protocol/lufa/descriptor.o
 .rodata.str1.1
                0x0080012d        0x1 obj_hhkb/common/matrix.o
 .rodata.CSWTCH.43
                0x0080012e        0xa obj_hhkb/common/command.o
 *(.gnu.linkonce.d*)
                0x00800138                . = ALIGN (0x2)
                0x00800138                _edata = .
                0x00800138                PROVIDE (__data_end, .)

.bss            0x00800138       0xd2
                0x00800138                PROVIDE (__bss_start, .)
 *(.bss)
 .bss           0x00800138        0x2 obj_hhkb/common/avr/xprintf.o
                0x00800138                xfunc_out
 *(.bss*)
 .bss._matrix1  0x0080013a        0x8 obj_hhkb/matrix.o
 .bss._matrix0  0x00800142        0x8 obj_hhkb/matrix.o
 .bss.matrix_prev
                0x0080014a        0x2 obj_hhkb/matrix.o
 .bss.matrix    0x0080014c        0x2 obj_hhkb/matrix.o
 .bss.matrix_last_modified
                0x0080014e        0x4 obj_hhkb/matrix.o
 .bss.timeouted.4760
                0x00800152        0x1 obj_hhkb/protocol/lufa/lufa.o
 .bss.count.4690
                0x00800153        0x1 obj_hhkb/protocol/lufa/lufa.o
 .bss._led_stats
                0x00800154        0x1 obj_hhkb/protocol/lufa/lufa.o
 .bss.console_flush
                0x00800155        0x1 obj_hhkb/protocol/lufa/lufa.o
 .bss.keyboard_report_sent
                0x00800156       0x20 obj_hhkb/protocol/lufa/lufa.o
 .bss.keyboard_led_stats
                0x00800176        0x1 obj_hhkb/protocol/lufa/lufa.o
 .bss.keyboard_idle
                0x00800177        0x1 obj_hhkb/protocol/lufa/lufa.o
                0x00800177                keyboard_idle
 .bss.last_consumer_report
                0x00800178        0x2 obj_hhkb/common/host.o
 .bss.last_system_report
                0x0080017a        0x2 obj_hhkb/common/host.o
 .bss.driver    0x0080017c        0x2 obj_hhkb/common/host.o
 .bss.led_status.4719
                0x0080017e        0x1 obj_hhkb/common/keyboard.o
 .bss.matrix_prev.4718
                0x0080017f        0x8 obj_hhkb/common/keyboard.o
 .bss.waiting_buffer_tail
                0x00800187        0x1 obj_hhkb/common/action_tapping.o
 .bss.waiting_buffer_head
                0x00800188        0x1 obj_hhkb/common/action_tapping.o
 .bss.waiting_buffer
                0x00800189       0x30 obj_hhkb/common/action_tapping.o
 .bss.tapping_key
                0x008001b9        0x6 obj_hhkb/common/action_tapping.o
 .bss.layer_state
                0x008001bf        0x4 obj_hhkb/common/action_layer.o
                0x008001bf                layer_state
 .bss.default_layer_state
                0x008001c3        0x4 obj_hhkb/common/action_layer.o
                0x008001c3                default_layer_state
 .bss.oneshot_time
                0x008001c7        0x2 obj_hhkb/common/action_util.o
 .bss.oneshot_mods
                0x008001c9        0x1 obj_hhkb/common/action_util.o
 .bss.__compound_literal.0
                0x008001ca       0x20 obj_hhkb/common/action_util.o
 .bss.weak_mods
                0x008001ea        0x1 obj_hhkb/common/action_util.o
 .bss.real_mods
                0x008001eb        0x1 obj_hhkb/common/action_util.o
 .bss.debug_config
                0x008001ec        0x1 obj_hhkb/common/debug.o
                0x008001ec                debug_config
 .bss.wdt_timeout
                0x008001ed        0x1 obj_hhkb/common/avr/suspend.o
 .bss.timer_count
                0x008001ee        0x4 obj_hhkb/common/avr/timer.o
                0x008001ee                timer_count
 .bss.last_timer
                0x008001f2        0x2 obj_hhkb/common/mousekey.o
 .bss.mousekey_accel
                0x008001f4        0x1 obj_hhkb/common/mousekey.o
 .bss.mousekey_repeat
                0x008001f5        0x1 obj_hhkb/common/mousekey.o
 .bss.mouse_report
                0x008001f6        0x5 obj_hhkb/common/mousekey.o
 .bss.mousekey_param
                0x008001fb        0x1 obj_hhkb/common/command.o
 .bss.command_state
                0x008001fc        0x1 obj_hhkb/common/command.o
                0x008001fc                command_state
 *(COMMON)
 COMMON         0x008001fd        0x3 obj_hhkb/protocol/lufa/LUFA-git/LUFA/Drivers/USB/Core/DeviceStandardReq.o
                0x008001fd                USB_Device_ConfigurationNumber
                0x008001fe                USB_Device_CurrentlySelfPowered
                0x008001ff                USB_Device_RemoteWakeupEnabled
 COMMON         0x00800200        0xa obj_hhkb/protocol/lufa/LUFA-git/LUFA/Drivers/USB/Core/USBTask.o
                0x00800200                USB_IsInitialized
                0x00800201                USB_DeviceState
                0x00800202                USB_ControlRequest
                0x0080020a                PROVIDE (__bss_end, .)
                0x00004aa6                __data_load_start = LOADADDR (.data)
                0x00004ade                __data_load_end = (__data_load_start + SIZEOF (.data))

.noinit         0x0080020a        0x4
                0x0080020a                PROVIDE (__noinit_start, .)
 *(.noinit*)
 .noinit        0x0080020a        0x4 obj_hhkb/common/avr/bootloader.o
                0x0080020a                reset_key
                0x0080020e                PROVIDE (__noinit_end, .)
                0x0080020e                _end = .
                0x0080020e                PROVIDE (__heap_start, .)

.eeprom         0x00810000        0x0
 *(.eeprom*)
                0x00810000                __eeprom_end = .

.fuse
 *(.fuse)
 *(.lfuse)
 *(.hfuse)
 *(.efuse)

.lock
 *(.lock*)

.signature
 *(.signature*)

.user_signatures
 *(.user_signatures*)

.stab           0x00000000      0x8b8
 *(.stab)
 .stab          0x00000000      0x8b8 obj_hhkb/common/avr/xprintf.o

.stabstr        0x00000000       0xa0
 *(.stabstr)
 .stabstr       0x00000000       0xa0 obj_hhkb/common/avr/xprintf.o

.stab.excl
 *(.stab.excl)

.stab.exclstr
 *(.stab.exclstr)

.stab.index
 *(.stab.index)

.stab.indexstr
 *(.stab.indexstr)

.comment        0x00000000       0x11
 *(.comment)
 .comment       0x00000000       0x11 obj_hhkb/keymap_hhkb.o
                                 0x12 (size before relaxing)
 .comment       0x00000000       0x12 obj_hhkb/matrix.o
 .comment       0x00000000       0x12 obj_hhkb/led.o
 .comment       0x00000000       0x12 obj_hhkb/protocol/lufa/lufa.o
 .comment       0x00000000       0x12 obj_hhkb/protocol/lufa/descriptor.o
 .comment       0x00000000       0x12 obj_hhkb/protocol/lufa/LUFA-git/LUFA/Drivers/USB/Class/Common/HIDParser.o
 .comment       0x00000000       0x12 obj_hhkb/protocol/lufa/LUFA-git/LUFA/Drivers/USB/Core/AVR8/Device_AVR8.o
 .comment       0x00000000       0x12 obj_hhkb/protocol/lufa/LUFA-git/LUFA/Drivers/USB/Core/AVR8/EndpointStream_AVR8.o
 .comment       0x00000000       0x12 obj_hhkb/protocol/lufa/LUFA-git/LUFA/Drivers/USB/Core/AVR8/Endpoint_AVR8.o
 .comment       0x00000000       0x12 obj_hhkb/protocol/lufa/LUFA-git/LUFA/Drivers/USB/Core/AVR8/Host_AVR8.o
 .comment       0x00000000       0x12 obj_hhkb/protocol/lufa/LUFA-git/LUFA/Drivers/USB/Core/AVR8/PipeStream_AVR8.o
 .comment       0x00000000       0x12 obj_hhkb/protocol/lufa/LUFA-git/LUFA/Drivers/USB/Core/AVR8/Pipe_AVR8.o
 .comment       0x00000000       0x12 obj_hhkb/protocol/lufa/LUFA-git/LUFA/Drivers/USB/Core/AVR8/USBController_AVR8.o
 .comment       0x00000000       0x12 obj_hhkb/protocol/lufa/LUFA-git/LUFA/Drivers/USB/Core/AVR8/USBInterrupt_AVR8.o
 .comment       0x00000000       0x12 obj_hhkb/protocol/lufa/LUFA-git/LUFA/Drivers/USB/Core/ConfigDescriptors.o
 .comment       0x00000000       0x12 obj_hhkb/protocol/lufa/LUFA-git/LUFA/Drivers/USB/Core/DeviceStandardReq.o
 .comment       0x00000000       0x12 obj_hhkb/protocol/lufa/LUFA-git/LUFA/Drivers/USB/Core/Events.o
 .comment       0x00000000       0x12 obj_hhkb/protocol/lufa/LUFA-git/LUFA/Drivers/USB/Core/HostStandardReq.o
 .comment       0x00000000       0x12 obj_hhkb/protocol/lufa/LUFA-git/LUFA/Drivers/USB/Core/USBTask.o
 .comment       0x00000000       0x12 obj_hhkb/common/host.o
 .comment       0x00000000       0x12 obj_hhkb/common/keyboard.o
 .comment       0x00000000       0x12 obj_hhkb/common/matrix.o
 .comment       0x00000000       0x12 obj_hhkb/common/action.o
 .comment       0x00000000       0x12 obj_hhkb/common/action_tapping.o
 .comment       0x00000000       0x12 obj_hhkb/common/action_macro.o
 .comment       0x00000000       0x12 obj_hhkb/common/action_layer.o
 .comment       0x00000000       0x12 obj_hhkb/common/action_util.o
 .comment       0x00000000       0x12 obj_hhkb/common/print.o
 .comment       0x00000000       0x12 obj_hhkb/common/debug.o
 .comment       0x00000000       0x12 obj_hhkb/common/util.o
 .comment       0x00000000       0x12 obj_hhkb/common/hook.o
 .comment       0x00000000       0x12 obj_hhkb/common/avr/suspend.o
 .comment       0x00000000       0x12 obj_hhkb/common/avr/timer.o
 .comment       0x00000000       0x12 obj_hhkb/common/avr/bootloader.o
 .comment       0x00000000       0x12 obj_hhkb/common/keymap.o
 .comment       0x00000000       0x12 obj_hhkb/common/mousekey.o
 .comment       0x00000000       0x12 obj_hhkb/common/command.o

.debug
 *(.debug)

.line
 *(.line)

.debug_srcinfo
 *(.debug_srcinfo)

.debug_sfnames
 *(.debug_sfnames)

.debug_aranges  0x00000000      0xa90
 *(.debug_aranges)
 .debug_aranges
                0x00000000       0x18 obj_hhkb/keymap_hhkb.o
 .debug_aranges
                0x00000018       0x40 obj_hhkb/matrix.o
 .debug_aranges
                0x00000058       0x20 obj_hhkb/led.o
 .debug_aranges
                0x00000078       0xb8 obj_hhkb/protocol/lufa/lufa.o
 .debug_aranges
                0x00000130       0x20 obj_hhkb/protocol/lufa/descriptor.o
 .debug_aranges
                0x00000150       0x38 obj_hhkb/protocol/lufa/LUFA-git/LUFA/Drivers/USB/Class/Common/HIDParser.o
 .debug_aranges
                0x00000188       0x20 obj_hhkb/protocol/lufa/LUFA-git/LUFA/Drivers/USB/Core/AVR8/Device_AVR8.o
 .debug_aranges
                0x000001a8       0xc8 obj_hhkb/protocol/lufa/LUFA-git/LUFA/Drivers/USB/Core/AVR8/EndpointStream_AVR8.o
 .debug_aranges
                0x00000270       0x40 obj_hhkb/protocol/lufa/LUFA-git/LUFA/Drivers/USB/Core/AVR8/Endpoint_AVR8.o
 .debug_aranges
                0x000002b0       0x18 obj_hhkb/protocol/lufa/LUFA-git/LUFA/Drivers/USB/Core/AVR8/Host_AVR8.o
 .debug_aranges
                0x000002c8       0x18 obj_hhkb/protocol/lufa/LUFA-git/LUFA/Drivers/USB/Core/AVR8/PipeStream_AVR8.o
 .debug_aranges
                0x000002e0       0x18 obj_hhkb/protocol/lufa/LUFA-git/LUFA/Drivers/USB/Core/AVR8/Pipe_AVR8.o
 .debug_aranges
                0x000002f8       0x30 obj_hhkb/protocol/lufa/LUFA-git/LUFA/Drivers/USB/Core/AVR8/USBController_AVR8.o
 .debug_aranges
                0x00000328       0x38 obj_hhkb/protocol/lufa/LUFA-git/LUFA/Drivers/USB/Core/AVR8/USBInterrupt_AVR8.o
 .debug_aranges
                0x00000360       0x40 obj_hhkb/protocol/lufa/LUFA-git/LUFA/Drivers/USB/Core/ConfigDescriptors.o
 .debug_aranges
                0x000003a0       0x20 obj_hhkb/protocol/lufa/LUFA-git/LUFA/Drivers/USB/Core/DeviceStandardReq.o
 .debug_aranges
                0x000003c0       0x20 obj_hhkb/protocol/lufa/LUFA-git/LUFA/Drivers/USB/Core/Events.o
 .debug_aranges
                0x000003e0       0x18 obj_hhkb/protocol/lufa/LUFA-git/LUFA/Drivers/USB/Core/HostStandardReq.o
 .debug_aranges
                0x000003f8       0x20 obj_hhkb/protocol/lufa/LUFA-git/LUFA/Drivers/USB/Core/USBTask.o
 .debug_aranges
                0x00000418       0x60 obj_hhkb/common/host.o
 .debug_aranges
                0x00000478       0x38 obj_hhkb/common/keyboard.o
 .debug_aranges
                0x000004b0       0x58 obj_hhkb/common/matrix.o
 .debug_aranges
                0x00000508       0x78 obj_hhkb/common/action.o
 .debug_aranges
                0x00000580       0x40 obj_hhkb/common/action_tapping.o
 .debug_aranges
                0x000005c0       0x20 obj_hhkb/common/action_macro.o
 .debug_aranges
                0x000005e0       0xa0 obj_hhkb/common/action_layer.o
 .debug_aranges
                0x00000680       0xb0 obj_hhkb/common/action_util.o
 .debug_aranges
                0x00000730       0x20 obj_hhkb/common/print.o
 .debug_aranges
                0x00000750       0x18 obj_hhkb/common/debug.o
 .debug_aranges
                0x00000768       0x60 obj_hhkb/common/util.o
 .debug_aranges
                0x000007c8       0x48 obj_hhkb/common/hook.o
 .debug_aranges
                0x00000810       0x40 obj_hhkb/common/avr/suspend.o
 .debug_aranges
                0x00000850       0x50 obj_hhkb/common/avr/timer.o
 .debug_aranges
                0x000008a0       0x28 obj_hhkb/common/avr/bootloader.o
 .debug_aranges
                0x000008c8       0x40 obj_hhkb/common/keymap.o
 .debug_aranges
                0x00000908       0x50 obj_hhkb/common/mousekey.o
 .debug_aranges
                0x00000958       0x58 obj_hhkb/common/command.o
 .debug_aranges
                0x000009b0       0x20 /usr/local/CrossPack-AVR-20131216/lib/gcc/avr/4.8.1/avr5/libgcc.a(_udivmodqi4.o)
 .debug_aranges
                0x000009d0       0x20 /usr/local/CrossPack-AVR-20131216/lib/gcc/avr/4.8.1/avr5/libgcc.a(_divmodhi4.o)
 .debug_aranges
                0x000009f0       0x20 /usr/local/CrossPack-AVR-20131216/lib/gcc/avr/4.8.1/avr5/libgcc.a(_exit.o)
 .debug_aranges
                0x00000a10       0x20 /usr/local/CrossPack-AVR-20131216/lib/gcc/avr/4.8.1/avr5/libgcc.a(_tablejump.o)
 .debug_aranges
                0x00000a30       0x20 /usr/local/CrossPack-AVR-20131216/lib/gcc/avr/4.8.1/avr5/libgcc.a(_copy_data.o)
 .debug_aranges
                0x00000a50       0x20 /usr/local/CrossPack-AVR-20131216/lib/gcc/avr/4.8.1/avr5/libgcc.a(_clear_bss.o)
 .debug_aranges
                0x00000a70       0x20 /usr/local/CrossPack-AVR-20131216/lib/gcc/avr/4.8.1/avr5/libgcc.a(_udivmodhi4.o)

.debug_pubnames
 *(.debug_pubnames)

.debug_info     0x00000000     0xefee
 *(.debug_info)
 .debug_info    0x00000000      0xaa6 obj_hhkb/keymap_hhkb.o
 .debug_info    0x00000aa6      0x51f obj_hhkb/matrix.o
 .debug_info    0x00000fc5       0x91 obj_hhkb/led.o
 .debug_info    0x00001056     0x15f8 obj_hhkb/protocol/lufa/lufa.o
 .debug_info    0x0000264e      0x818 obj_hhkb/protocol/lufa/descriptor.o
 .debug_info    0x00002e66      0x73e obj_hhkb/protocol/lufa/LUFA-git/LUFA/Drivers/USB/Class/Common/HIDParser.o
 .debug_info    0x000035a4       0xd2 obj_hhkb/protocol/lufa/LUFA-git/LUFA/Drivers/USB/Core/AVR8/Device_AVR8.o
 .debug_info    0x00003676     0x17b4 obj_hhkb/protocol/lufa/LUFA-git/LUFA/Drivers/USB/Core/AVR8/EndpointStream_AVR8.o
 .debug_info    0x00004e2a      0x614 obj_hhkb/protocol/lufa/LUFA-git/LUFA/Drivers/USB/Core/AVR8/Endpoint_AVR8.o
 .debug_info    0x0000543e       0x56 obj_hhkb/protocol/lufa/LUFA-git/LUFA/Drivers/USB/Core/AVR8/Host_AVR8.o
 .debug_info    0x00005494       0x56 obj_hhkb/protocol/lufa/LUFA-git/LUFA/Drivers/USB/Core/AVR8/PipeStream_AVR8.o
 .debug_info    0x000054ea       0x56 obj_hhkb/protocol/lufa/LUFA-git/LUFA/Drivers/USB/Core/AVR8/Pipe_AVR8.o
 .debug_info    0x00005540      0x4cb obj_hhkb/protocol/lufa/LUFA-git/LUFA/Drivers/USB/Core/AVR8/USBController_AVR8.o
 .debug_info    0x00005a0b      0x7c4 obj_hhkb/protocol/lufa/LUFA-git/LUFA/Drivers/USB/Core/AVR8/USBInterrupt_AVR8.o
 .debug_info    0x000061cf      0x3cd obj_hhkb/protocol/lufa/LUFA-git/LUFA/Drivers/USB/Core/ConfigDescriptors.o
 .debug_info    0x0000659c      0xa57 obj_hhkb/protocol/lufa/LUFA-git/LUFA/Drivers/USB/Core/DeviceStandardReq.o
 .debug_info    0x00006ff3       0x78 obj_hhkb/protocol/lufa/LUFA-git/LUFA/Drivers/USB/Core/Events.o
 .debug_info    0x0000706b       0x56 obj_hhkb/protocol/lufa/LUFA-git/LUFA/Drivers/USB/Core/HostStandardReq.o
 .debug_info    0x000070c1      0x26b obj_hhkb/protocol/lufa/LUFA-git/LUFA/Drivers/USB/Core/USBTask.o
 .debug_info    0x0000732c      0x55c obj_hhkb/common/host.o
 .debug_info    0x00007888      0x468 obj_hhkb/common/keyboard.o
 .debug_info    0x00007cf0      0x19d obj_hhkb/common/matrix.o
 .debug_info    0x00007e8d     0x151a obj_hhkb/common/action.o
 .debug_info    0x000093a7      0xe2e obj_hhkb/common/action_tapping.o
 .debug_info    0x0000a1d5      0x88b obj_hhkb/common/action_macro.o
 .debug_info    0x0000aa60      0x7d3 obj_hhkb/common/action_layer.o
 .debug_info    0x0000b233      0x77a obj_hhkb/common/action_util.o
 .debug_info    0x0000b9ad       0xda obj_hhkb/common/print.o
 .debug_info    0x0000ba87       0xfc obj_hhkb/common/debug.o
 .debug_info    0x0000bb83      0x29b obj_hhkb/common/util.o
 .debug_info    0x0000be1e      0x1ff obj_hhkb/common/hook.o
 .debug_info    0x0000c01d      0x288 obj_hhkb/common/avr/suspend.o
 .debug_info    0x0000c2a5      0x204 obj_hhkb/common/avr/timer.o
 .debug_info    0x0000c4a9      0x18a obj_hhkb/common/avr/bootloader.o
 .debug_info    0x0000c633      0xe40 obj_hhkb/common/keymap.o
 .debug_info    0x0000d473      0x7c6 obj_hhkb/common/mousekey.o
 .debug_info    0x0000dc39      0xe83 obj_hhkb/common/command.o
 .debug_info    0x0000eabc       0xbe /usr/local/CrossPack-AVR-20131216/lib/gcc/avr/4.8.1/avr5/libgcc.a(_udivmodqi4.o)
 .debug_info    0x0000eb7a       0xbe /usr/local/CrossPack-AVR-20131216/lib/gcc/avr/4.8.1/avr5/libgcc.a(_divmodhi4.o)
 .debug_info    0x0000ec38       0xbe /usr/local/CrossPack-AVR-20131216/lib/gcc/avr/4.8.1/avr5/libgcc.a(_exit.o)
 .debug_info    0x0000ecf6       0xbe /usr/local/CrossPack-AVR-20131216/lib/gcc/avr/4.8.1/avr5/libgcc.a(_tablejump.o)
 .debug_info    0x0000edb4       0xbe /usr/local/CrossPack-AVR-20131216/lib/gcc/avr/4.8.1/avr5/libgcc.a(_copy_data.o)
 .debug_info    0x0000ee72       0xbe /usr/local/CrossPack-AVR-20131216/lib/gcc/avr/4.8.1/avr5/libgcc.a(_clear_bss.o)
 .debug_info    0x0000ef30       0xbe /usr/local/CrossPack-AVR-20131216/lib/gcc/avr/4.8.1/avr5/libgcc.a(_udivmodhi4.o)
 *(.gnu.linkonce.wi.*)

.debug_abbrev   0x00000000     0x3be1
 *(.debug_abbrev)
 .debug_abbrev  0x00000000       0xfc obj_hhkb/keymap_hhkb.o
 .debug_abbrev  0x000000fc      0x26d obj_hhkb/matrix.o
 .debug_abbrev  0x00000369       0x60 obj_hhkb/led.o
 .debug_abbrev  0x000003c9      0x4d2 obj_hhkb/protocol/lufa/lufa.o
 .debug_abbrev  0x0000089b      0x177 obj_hhkb/protocol/lufa/descriptor.o
 .debug_abbrev  0x00000a12      0x21e obj_hhkb/protocol/lufa/LUFA-git/LUFA/Drivers/USB/Class/Common/HIDParser.o
 .debug_abbrev  0x00000c30       0x80 obj_hhkb/protocol/lufa/LUFA-git/LUFA/Drivers/USB/Core/AVR8/Device_AVR8.o
 .debug_abbrev  0x00000cb0      0x213 obj_hhkb/protocol/lufa/LUFA-git/LUFA/Drivers/USB/Core/AVR8/EndpointStream_AVR8.o
 .debug_abbrev  0x00000ec3      0x222 obj_hhkb/protocol/lufa/LUFA-git/LUFA/Drivers/USB/Core/AVR8/Endpoint_AVR8.o
 .debug_abbrev  0x000010e5       0x26 obj_hhkb/protocol/lufa/LUFA-git/LUFA/Drivers/USB/Core/AVR8/Host_AVR8.o
 .debug_abbrev  0x0000110b       0x26 obj_hhkb/protocol/lufa/LUFA-git/LUFA/Drivers/USB/Core/AVR8/PipeStream_AVR8.o
 .debug_abbrev  0x00001131       0x26 obj_hhkb/protocol/lufa/LUFA-git/LUFA/Drivers/USB/Core/AVR8/Pipe_AVR8.o
 .debug_abbrev  0x00001157      0x196 obj_hhkb/protocol/lufa/LUFA-git/LUFA/Drivers/USB/Core/AVR8/USBController_AVR8.o
 .debug_abbrev  0x000012ed      0x234 obj_hhkb/protocol/lufa/LUFA-git/LUFA/Drivers/USB/Core/AVR8/USBInterrupt_AVR8.o
 .debug_abbrev  0x00001521      0x183 obj_hhkb/protocol/lufa/LUFA-git/LUFA/Drivers/USB/Core/ConfigDescriptors.o
 .debug_abbrev  0x000016a4      0x2d8 obj_hhkb/protocol/lufa/LUFA-git/LUFA/Drivers/USB/Core/DeviceStandardReq.o
 .debug_abbrev  0x0000197c       0x44 obj_hhkb/protocol/lufa/LUFA-git/LUFA/Drivers/USB/Core/Events.o
 .debug_abbrev  0x000019c0       0x26 obj_hhkb/protocol/lufa/LUFA-git/LUFA/Drivers/USB/Core/HostStandardReq.o
 .debug_abbrev  0x000019e6      0x168 obj_hhkb/protocol/lufa/LUFA-git/LUFA/Drivers/USB/Core/USBTask.o
 .debug_abbrev  0x00001b4e      0x229 obj_hhkb/common/host.o
 .debug_abbrev  0x00001d77      0x226 obj_hhkb/common/keyboard.o
 .debug_abbrev  0x00001f9d       0xf7 obj_hhkb/common/matrix.o
 .debug_abbrev  0x00002094      0x2ce obj_hhkb/common/action.o
 .debug_abbrev  0x00002362      0x2ef obj_hhkb/common/action_tapping.o
 .debug_abbrev  0x00002651      0x1a5 obj_hhkb/common/action_macro.o
 .debug_abbrev  0x000027f6      0x20b obj_hhkb/common/action_layer.o
 .debug_abbrev  0x00002a01      0x2ff obj_hhkb/common/action_util.o
 .debug_abbrev  0x00002d00       0x97 obj_hhkb/common/print.o
 .debug_abbrev  0x00002d97       0x87 obj_hhkb/common/debug.o
 .debug_abbrev  0x00002e1e       0xcb obj_hhkb/common/util.o
 .debug_abbrev  0x00002ee9      0x100 obj_hhkb/common/hook.o
 .debug_abbrev  0x00002fe9      0x1b1 obj_hhkb/common/avr/suspend.o
 .debug_abbrev  0x0000319a      0x11e obj_hhkb/common/avr/timer.o
 .debug_abbrev  0x000032b8      0x115 obj_hhkb/common/avr/bootloader.o
 .debug_abbrev  0x000033cd      0x26a obj_hhkb/common/keymap.o
 .debug_abbrev  0x00003637      0x204 obj_hhkb/common/mousekey.o
 .debug_abbrev  0x0000383b      0x31a obj_hhkb/common/command.o
 .debug_abbrev  0x00003b55       0x14 /usr/local/CrossPack-AVR-20131216/lib/gcc/avr/4.8.1/avr5/libgcc.a(_udivmodqi4.o)
 .debug_abbrev  0x00003b69       0x14 /usr/local/CrossPack-AVR-20131216/lib/gcc/avr/4.8.1/avr5/libgcc.a(_divmodhi4.o)
 .debug_abbrev  0x00003b7d       0x14 /usr/local/CrossPack-AVR-20131216/lib/gcc/avr/4.8.1/avr5/libgcc.a(_exit.o)
 .debug_abbrev  0x00003b91       0x14 /usr/local/CrossPack-AVR-20131216/lib/gcc/avr/4.8.1/avr5/libgcc.a(_tablejump.o)
 .debug_abbrev  0x00003ba5       0x14 /usr/local/CrossPack-AVR-20131216/lib/gcc/avr/4.8.1/avr5/libgcc.a(_copy_data.o)
 .debug_abbrev  0x00003bb9       0x14 /usr/local/CrossPack-AVR-20131216/lib/gcc/avr/4.8.1/avr5/libgcc.a(_clear_bss.o)
 .debug_abbrev  0x00003bcd       0x14 /usr/local/CrossPack-AVR-20131216/lib/gcc/avr/4.8.1/avr5/libgcc.a(_udivmodhi4.o)

.debug_line     0x00000000     0x56b2
 *(.debug_line)
 .debug_line    0x00000000       0xe2 obj_hhkb/keymap_hhkb.o
 .debug_line    0x000000e2      0x275 obj_hhkb/matrix.o
 .debug_line    0x00000357       0x70 obj_hhkb/led.o
 .debug_line    0x000003c7      0x80a obj_hhkb/protocol/lufa/lufa.o
 .debug_line    0x00000bd1      0x206 obj_hhkb/protocol/lufa/descriptor.o
 .debug_line    0x00000dd7      0x25c obj_hhkb/protocol/lufa/LUFA-git/LUFA/Drivers/USB/Class/Common/HIDParser.o
 .debug_line    0x00001033      0x141 obj_hhkb/protocol/lufa/LUFA-git/LUFA/Drivers/USB/Core/AVR8/Device_AVR8.o
 .debug_line    0x00001174      0xc93 obj_hhkb/protocol/lufa/LUFA-git/LUFA/Drivers/USB/Core/AVR8/EndpointStream_AVR8.o
 .debug_line    0x00001e07      0x400 obj_hhkb/protocol/lufa/LUFA-git/LUFA/Drivers/USB/Core/AVR8/Endpoint_AVR8.o
 .debug_line    0x00002207       0x1a obj_hhkb/protocol/lufa/LUFA-git/LUFA/Drivers/USB/Core/AVR8/Host_AVR8.o
 .debug_line    0x00002221       0x1a obj_hhkb/protocol/lufa/LUFA-git/LUFA/Drivers/USB/Core/AVR8/PipeStream_AVR8.o
 .debug_line    0x0000223b       0x1a obj_hhkb/protocol/lufa/LUFA-git/LUFA/Drivers/USB/Core/AVR8/Pipe_AVR8.o
 .debug_line    0x00002255      0x30b obj_hhkb/protocol/lufa/LUFA-git/LUFA/Drivers/USB/Core/AVR8/USBController_AVR8.o
 .debug_line    0x00002560      0x4e0 obj_hhkb/protocol/lufa/LUFA-git/LUFA/Drivers/USB/Core/AVR8/USBInterrupt_AVR8.o
 .debug_line    0x00002a40      0x198 obj_hhkb/protocol/lufa/LUFA-git/LUFA/Drivers/USB/Core/ConfigDescriptors.o
 .debug_line    0x00002bd8      0x39c obj_hhkb/protocol/lufa/LUFA-git/LUFA/Drivers/USB/Core/DeviceStandardReq.o
 .debug_line    0x00002f74       0x71 obj_hhkb/protocol/lufa/LUFA-git/LUFA/Drivers/USB/Core/Events.o
 .debug_line    0x00002fe5       0x1a obj_hhkb/protocol/lufa/LUFA-git/LUFA/Drivers/USB/Core/HostStandardReq.o
 .debug_line    0x00002fff      0x1ac obj_hhkb/protocol/lufa/LUFA-git/LUFA/Drivers/USB/Core/USBTask.o
 .debug_line    0x000031ab      0x1ee obj_hhkb/common/host.o
 .debug_line    0x00003399      0x1cc obj_hhkb/common/keyboard.o
 .debug_line    0x00003565      0x115 obj_hhkb/common/matrix.o
 .debug_line    0x0000367a      0x47e obj_hhkb/common/action.o
 .debug_line    0x00003af8      0x27c obj_hhkb/common/action_tapping.o
 .debug_line    0x00003d74      0x198 obj_hhkb/common/action_macro.o
 .debug_line    0x00003f0c      0x1e0 obj_hhkb/common/action_layer.o
 .debug_line    0x000040ec      0x2d3 obj_hhkb/common/action_util.o
 .debug_line    0x000043bf       0xac obj_hhkb/common/print.o
 .debug_line    0x0000446b       0x80 obj_hhkb/common/debug.o
 .debug_line    0x000044eb      0x195 obj_hhkb/common/util.o
 .debug_line    0x00004680       0xdf obj_hhkb/common/hook.o
 .debug_line    0x0000475f      0x1be obj_hhkb/common/avr/suspend.o
 .debug_line    0x0000491d      0x124 obj_hhkb/common/avr/timer.o
 .debug_line    0x00004a41      0x19a obj_hhkb/common/avr/bootloader.o
 .debug_line    0x00004bdb      0x1d5 obj_hhkb/common/keymap.o
 .debug_line    0x00004db0      0x31f obj_hhkb/common/mousekey.o
 .debug_line    0x000050cf      0x33b obj_hhkb/common/command.o
 .debug_line    0x0000540a       0x62 /usr/local/CrossPack-AVR-20131216/lib/gcc/avr/4.8.1/avr5/libgcc.a(_udivmodqi4.o)
 .debug_line    0x0000546c       0x69 /usr/local/CrossPack-AVR-20131216/lib/gcc/avr/4.8.1/avr5/libgcc.a(_divmodhi4.o)
 .debug_line    0x000054d5       0x58 /usr/local/CrossPack-AVR-20131216/lib/gcc/avr/4.8.1/avr5/libgcc.a(_exit.o)
 .debug_line    0x0000552d       0x5c /usr/local/CrossPack-AVR-20131216/lib/gcc/avr/4.8.1/avr5/libgcc.a(_tablejump.o)
 .debug_line    0x00005589       0x61 /usr/local/CrossPack-AVR-20131216/lib/gcc/avr/4.8.1/avr5/libgcc.a(_copy_data.o)
 .debug_line    0x000055ea       0x5e /usr/local/CrossPack-AVR-20131216/lib/gcc/avr/4.8.1/avr5/libgcc.a(_clear_bss.o)
 .debug_line    0x00005648       0x6a /usr/local/CrossPack-AVR-20131216/lib/gcc/avr/4.8.1/avr5/libgcc.a(_udivmodhi4.o)

.debug_frame    0x00000000     0x1a0c
 *(.debug_frame)
 .debug_frame   0x00000000       0x7c obj_hhkb/matrix.o
 .debug_frame   0x0000007c       0x24 obj_hhkb/led.o
 .debug_frame   0x000000a0      0x188 obj_hhkb/protocol/lufa/lufa.o
 .debug_frame   0x00000228       0x24 obj_hhkb/protocol/lufa/descriptor.o
 .debug_frame   0x0000024c      0x134 obj_hhkb/protocol/lufa/LUFA-git/LUFA/Drivers/USB/Class/Common/HIDParser.o
 .debug_frame   0x00000380       0x24 obj_hhkb/protocol/lufa/LUFA-git/LUFA/Drivers/USB/Core/AVR8/Device_AVR8.o
 .debug_frame   0x000003a4      0x414 obj_hhkb/protocol/lufa/LUFA-git/LUFA/Drivers/USB/Core/AVR8/EndpointStream_AVR8.o
 .debug_frame   0x000007b8       0x7c obj_hhkb/protocol/lufa/LUFA-git/LUFA/Drivers/USB/Core/AVR8/Endpoint_AVR8.o
 .debug_frame   0x00000834       0x5c obj_hhkb/protocol/lufa/LUFA-git/LUFA/Drivers/USB/Core/AVR8/USBController_AVR8.o
 .debug_frame   0x00000890      0x104 obj_hhkb/protocol/lufa/LUFA-git/LUFA/Drivers/USB/Core/AVR8/USBInterrupt_AVR8.o
 .debug_frame   0x00000994      0x124 obj_hhkb/protocol/lufa/LUFA-git/LUFA/Drivers/USB/Core/ConfigDescriptors.o
 .debug_frame   0x00000ab8       0x3c obj_hhkb/protocol/lufa/LUFA-git/LUFA/Drivers/USB/Core/DeviceStandardReq.o
 .debug_frame   0x00000af4       0x24 obj_hhkb/protocol/lufa/LUFA-git/LUFA/Drivers/USB/Core/Events.o
 .debug_frame   0x00000b18       0x2c obj_hhkb/protocol/lufa/LUFA-git/LUFA/Drivers/USB/Core/USBTask.o
 .debug_frame   0x00000b44      0x10c obj_hhkb/common/host.o
 .debug_frame   0x00000c50       0x8c obj_hhkb/common/keyboard.o
 .debug_frame   0x00000cdc       0xe8 obj_hhkb/common/matrix.o
 .debug_frame   0x00000dc4      0x150 obj_hhkb/common/action.o
 .debug_frame   0x00000f14       0xd0 obj_hhkb/common/action_tapping.o
 .debug_frame   0x00000fe4       0x50 obj_hhkb/common/action_macro.o
 .debug_frame   0x00001034      0x19c obj_hhkb/common/action_layer.o
 .debug_frame   0x000011d0      0x17c obj_hhkb/common/action_util.o
 .debug_frame   0x0000134c       0x24 obj_hhkb/common/print.o
 .debug_frame   0x00001370      0x110 obj_hhkb/common/util.o
 .debug_frame   0x00001480       0x88 obj_hhkb/common/hook.o
 .debug_frame   0x00001508       0x90 obj_hhkb/common/avr/suspend.o
 .debug_frame   0x00001598       0xf0 obj_hhkb/common/avr/timer.o
 .debug_frame   0x00001688       0x34 obj_hhkb/common/avr/bootloader.o
 .debug_frame   0x000016bc       0x64 obj_hhkb/common/keymap.o
 .debug_frame   0x00001720       0xf0 obj_hhkb/common/mousekey.o
 .debug_frame   0x00001810      0x1fc obj_hhkb/common/command.o

.debug_str      0x00000000     0x4435
 *(.debug_str)
 .debug_str     0x00000000      0xc27 obj_hhkb/keymap_hhkb.o
                                0xca8 (size before relaxing)
 .debug_str     0x00000c27      0x224 obj_hhkb/matrix.o
                                0x3b2 (size before relaxing)
 .debug_str     0x00000e4b       0x16 obj_hhkb/led.o
                                0x177 (size before relaxing)
 .debug_str     0x00000e61      0x7bb obj_hhkb/protocol/lufa/lufa.o
                                0xad2 (size before relaxing)
 .debug_str     0x0000161c      0x7d7 obj_hhkb/protocol/lufa/descriptor.o
                                0x9ba (size before relaxing)
 .debug_str     0x00001df3      0x4b4 obj_hhkb/protocol/lufa/LUFA-git/LUFA/Drivers/USB/Class/Common/HIDParser.o
                                0x6cb (size before relaxing)
 .debug_str     0x000022a7       0x7b obj_hhkb/protocol/lufa/LUFA-git/LUFA/Drivers/USB/Core/AVR8/Device_AVR8.o
                                0x207 (size before relaxing)
 .debug_str     0x00002322      0x4fe obj_hhkb/protocol/lufa/LUFA-git/LUFA/Drivers/USB/Core/AVR8/EndpointStream_AVR8.o
                                0x86a (size before relaxing)
 .debug_str     0x00002820      0x22a obj_hhkb/protocol/lufa/LUFA-git/LUFA/Drivers/USB/Core/AVR8/Endpoint_AVR8.o
                                0x629 (size before relaxing)
 .debug_str     0x00002a4a       0x4d obj_hhkb/protocol/lufa/LUFA-git/LUFA/Drivers/USB/Core/AVR8/Host_AVR8.o
                                0x1a6 (size before relaxing)
 .debug_str     0x00002a97       0x53 obj_hhkb/protocol/lufa/LUFA-git/LUFA/Drivers/USB/Core/AVR8/PipeStream_AVR8.o
                                0x1ac (size before relaxing)
 .debug_str     0x00002aea       0x4d obj_hhkb/protocol/lufa/LUFA-git/LUFA/Drivers/USB/Core/AVR8/Pipe_AVR8.o
                                0x1a6 (size before relaxing)
 .debug_str     0x00002b37      0x1dd obj_hhkb/protocol/lufa/LUFA-git/LUFA/Drivers/USB/Core/AVR8/USBController_AVR8.o
                                0x568 (size before relaxing)
 .debug_str     0x00002d14      0x129 obj_hhkb/protocol/lufa/LUFA-git/LUFA/Drivers/USB/Core/AVR8/USBInterrupt_AVR8.o
                                0x5e7 (size before relaxing)
 .debug_str     0x00002e3d      0x247 obj_hhkb/protocol/lufa/LUFA-git/LUFA/Drivers/USB/Core/ConfigDescriptors.o
                                0x3ef (size before relaxing)
 .debug_str     0x00003084      0x408 obj_hhkb/protocol/lufa/LUFA-git/LUFA/Drivers/USB/Core/DeviceStandardReq.o
                                0x9db (size before relaxing)
 .debug_str     0x0000348c       0x54 obj_hhkb/protocol/lufa/LUFA-git/LUFA/Drivers/USB/Core/Events.o
                                0x1ad (size before relaxing)
 .debug_str     0x000034e0       0x4e obj_hhkb/protocol/lufa/LUFA-git/LUFA/Drivers/USB/Core/HostStandardReq.o
                                0x1a7 (size before relaxing)
 .debug_str     0x0000352e       0x6e obj_hhkb/protocol/lufa/LUFA-git/LUFA/Drivers/USB/Core/USBTask.o
                                0x38e (size before relaxing)
 .debug_str     0x0000359c       0xe6 obj_hhkb/common/host.o
                                0x380 (size before relaxing)
 .debug_str     0x00003682       0xff obj_hhkb/common/keyboard.o
                                0x377 (size before relaxing)
 .debug_str     0x00003781       0x44 obj_hhkb/common/matrix.o
                                0x210 (size before relaxing)
 .debug_str     0x000037c5      0x384 obj_hhkb/common/action.o
                               0x10e6 (size before relaxing)
 .debug_str     0x00003b49       0xec obj_hhkb/common/action_tapping.o
                                0xad9 (size before relaxing)
 .debug_str     0x00003c35       0x91 obj_hhkb/common/action_macro.o
                                0x8c4 (size before relaxing)
 .debug_str     0x00003cc6       0xa5 obj_hhkb/common/action_layer.o
                                0x419 (size before relaxing)
 .debug_str     0x00003d6b       0xfc obj_hhkb/common/action_util.o
                                0x424 (size before relaxing)
 .debug_str     0x00003e67       0x36 obj_hhkb/common/print.o
                                0x1b1 (size before relaxing)
 .debug_str     0x00003e9d       0x1e obj_hhkb/common/debug.o
                                0x1c7 (size before relaxing)
 .debug_str     0x00003ebb       0x58 obj_hhkb/common/util.o
                                0x1dd (size before relaxing)
 .debug_str     0x00003f13       0x2c obj_hhkb/common/hook.o
                                0x275 (size before relaxing)
 .debug_str     0x00003f3f       0x5a obj_hhkb/common/avr/suspend.o
                                0x348 (size before relaxing)
 .debug_str     0x00003f99       0x48 obj_hhkb/common/avr/timer.o
                                0x204 (size before relaxing)
 .debug_str     0x00003fe1       0x66 obj_hhkb/common/avr/bootloader.o
                                0x24b (size before relaxing)
 .debug_str     0x00004047       0x5b obj_hhkb/common/keymap.o
                                0xdfc (size before relaxing)
 .debug_str     0x000040a2       0xfd obj_hhkb/common/mousekey.o
                                0x699 (size before relaxing)
 .debug_str     0x0000419f      0x296 obj_hhkb/common/command.o
                                0xb81 (size before relaxing)

.debug_loc      0x00000000     0x82d9
 *(.debug_loc)
 .debug_loc     0x00000000      0x175 obj_hhkb/matrix.o
 .debug_loc     0x00000175      0x700 obj_hhkb/protocol/lufa/lufa.o
 .debug_loc     0x00000875      0x20a obj_hhkb/protocol/lufa/descriptor.o
 .debug_loc     0x00000a7f      0xab2 obj_hhkb/protocol/lufa/LUFA-git/LUFA/Drivers/USB/Class/Common/HIDParser.o
 .debug_loc     0x00001531     0x1db2 obj_hhkb/protocol/lufa/LUFA-git/LUFA/Drivers/USB/Core/AVR8/EndpointStream_AVR8.o
 .debug_loc     0x000032e3      0x3f2 obj_hhkb/protocol/lufa/LUFA-git/LUFA/Drivers/USB/Core/AVR8/Endpoint_AVR8.o
 .debug_loc     0x000036d5       0x49 obj_hhkb/protocol/lufa/LUFA-git/LUFA/Drivers/USB/Core/AVR8/USBController_AVR8.o
 .debug_loc     0x0000371e      0x333 obj_hhkb/protocol/lufa/LUFA-git/LUFA/Drivers/USB/Core/AVR8/USBInterrupt_AVR8.o
 .debug_loc     0x00003a51      0x5bd obj_hhkb/protocol/lufa/LUFA-git/LUFA/Drivers/USB/Core/ConfigDescriptors.o
 .debug_loc     0x0000400e      0x2a8 obj_hhkb/protocol/lufa/LUFA-git/LUFA/Drivers/USB/Core/DeviceStandardReq.o
 .debug_loc     0x000042b6       0x49 obj_hhkb/protocol/lufa/LUFA-git/LUFA/Drivers/USB/Core/USBTask.o
 .debug_loc     0x000042ff      0x298 obj_hhkb/common/host.o
 .debug_loc     0x00004597      0x179 obj_hhkb/common/keyboard.o
 .debug_loc     0x00004710      0x162 obj_hhkb/common/matrix.o
 .debug_loc     0x00004872      0xdee obj_hhkb/common/action.o
 .debug_loc     0x00005660      0x633 obj_hhkb/common/action_tapping.o
 .debug_loc     0x00005c93      0x550 obj_hhkb/common/action_macro.o
 .debug_loc     0x000061e3      0x45a obj_hhkb/common/action_layer.o
 .debug_loc     0x0000663d      0x439 obj_hhkb/common/action_util.o
 .debug_loc     0x00006a76      0x503 obj_hhkb/common/util.o
 .debug_loc     0x00006f79       0x69 obj_hhkb/common/hook.o
 .debug_loc     0x00006fe2       0xc5 obj_hhkb/common/avr/suspend.o
 .debug_loc     0x000070a7      0x20a obj_hhkb/common/avr/timer.o
 .debug_loc     0x000072b1      0x1bb obj_hhkb/common/keymap.o
 .debug_loc     0x0000746c      0x574 obj_hhkb/common/mousekey.o
 .debug_loc     0x000079e0      0x8f9 obj_hhkb/common/command.o

.debug_macinfo
 *(.debug_macinfo)

.debug_pubtypes
 *(.debug_pubtypes)

.debug_ranges   0x00000000      0xb68
 *(.debug_ranges)
 .debug_ranges  0x00000000       0x78 obj_hhkb/matrix.o
 .debug_ranges  0x00000078       0x10 obj_hhkb/led.o
 .debug_ranges  0x00000088       0xa8 obj_hhkb/protocol/lufa/lufa.o
 .debug_ranges  0x00000130       0x10 obj_hhkb/protocol/lufa/descriptor.o
 .debug_ranges  0x00000140       0xd0 obj_hhkb/protocol/lufa/LUFA-git/LUFA/Drivers/USB/Class/Common/HIDParser.o
 .debug_ranges  0x00000210       0x10 obj_hhkb/protocol/lufa/LUFA-git/LUFA/Drivers/USB/Core/AVR8/Device_AVR8.o
 .debug_ranges  0x00000220      0x250 obj_hhkb/protocol/lufa/LUFA-git/LUFA/Drivers/USB/Core/AVR8/EndpointStream_AVR8.o
 .debug_ranges  0x00000470       0x90 obj_hhkb/protocol/lufa/LUFA-git/LUFA/Drivers/USB/Core/AVR8/Endpoint_AVR8.o
 .debug_ranges  0x00000500       0x20 obj_hhkb/protocol/lufa/LUFA-git/LUFA/Drivers/USB/Core/AVR8/USBController_AVR8.o
 .debug_ranges  0x00000520       0x28 obj_hhkb/protocol/lufa/LUFA-git/LUFA/Drivers/USB/Core/AVR8/USBInterrupt_AVR8.o
 .debug_ranges  0x00000548       0x30 obj_hhkb/protocol/lufa/LUFA-git/LUFA/Drivers/USB/Core/ConfigDescriptors.o
 .debug_ranges  0x00000578       0x40 obj_hhkb/protocol/lufa/LUFA-git/LUFA/Drivers/USB/Core/DeviceStandardReq.o
 .debug_ranges  0x000005b8       0x10 obj_hhkb/protocol/lufa/LUFA-git/LUFA/Drivers/USB/Core/Events.o
 .debug_ranges  0x000005c8       0x10 obj_hhkb/protocol/lufa/LUFA-git/LUFA/Drivers/USB/Core/USBTask.o
 .debug_ranges  0x000005d8       0x50 obj_hhkb/common/host.o
 .debug_ranges  0x00000628       0x48 obj_hhkb/common/keyboard.o
 .debug_ranges  0x00000670       0x48 obj_hhkb/common/matrix.o
 .debug_ranges  0x000006b8       0xf0 obj_hhkb/common/action.o
 .debug_ranges  0x000007a8       0x60 obj_hhkb/common/action_tapping.o
 .debug_ranges  0x00000808       0x28 obj_hhkb/common/action_macro.o
 .debug_ranges  0x00000830       0x90 obj_hhkb/common/action_layer.o
 .debug_ranges  0x000008c0       0xb8 obj_hhkb/common/action_util.o
 .debug_ranges  0x00000978       0x10 obj_hhkb/common/print.o
 .debug_ranges  0x00000988       0x50 obj_hhkb/common/util.o
 .debug_ranges  0x000009d8       0x38 obj_hhkb/common/hook.o
 .debug_ranges  0x00000a10       0x48 obj_hhkb/common/avr/suspend.o
 .debug_ranges  0x00000a58       0x40 obj_hhkb/common/avr/timer.o
 .debug_ranges  0x00000a98       0x18 obj_hhkb/common/avr/bootloader.o
 .debug_ranges  0x00000ab0       0x30 obj_hhkb/common/keymap.o
 .debug_ranges  0x00000ae0       0x40 obj_hhkb/common/mousekey.o
 .debug_ranges  0x00000b20       0x48 obj_hhkb/common/command.o

.debug_macro
 *(.debug_macro)
OUTPUT(hhkb.elf elf32-avr)
LOAD linker stubs

Cross Reference Table

Symbol                                            File
CALLBACK_HIDParser_FilterHIDReportItem            obj_hhkb/protocol/lufa/LUFA-git/LUFA/Drivers/USB/Class/Common/HIDParser.o
CALLBACK_USB_GetDescriptor                        obj_hhkb/protocol/lufa/descriptor.o
                                                  obj_hhkb/protocol/lufa/LUFA-git/LUFA/Drivers/USB/Core/DeviceStandardReq.o
ConfigurationDescriptor                           obj_hhkb/protocol/lufa/descriptor.o
ConsoleReport                                     obj_hhkb/protocol/lufa/descriptor.o
DeviceDescriptor                                  obj_hhkb/protocol/lufa/descriptor.o
EVENT_USB_Device_ConfigurationChanged             obj_hhkb/protocol/lufa/lufa.o
                                                  obj_hhkb/protocol/lufa/LUFA-git/LUFA/Drivers/USB/Core/DeviceStandardReq.o
EVENT_USB_Device_Connect                          obj_hhkb/protocol/lufa/lufa.o
                                                  obj_hhkb/protocol/lufa/LUFA-git/LUFA/Drivers/USB/Core/AVR8/USBInterrupt_AVR8.o
EVENT_USB_Device_ControlRequest                   obj_hhkb/protocol/lufa/lufa.o
                                                  obj_hhkb/protocol/lufa/LUFA-git/LUFA/Drivers/USB/Core/DeviceStandardReq.o
EVENT_USB_Device_Disconnect                       obj_hhkb/protocol/lufa/lufa.o
                                                  obj_hhkb/protocol/lufa/LUFA-git/LUFA/Drivers/USB/Core/AVR8/USBInterrupt_AVR8.o
EVENT_USB_Device_Reset                            obj_hhkb/protocol/lufa/lufa.o
                                                  obj_hhkb/protocol/lufa/LUFA-git/LUFA/Drivers/USB/Core/AVR8/USBInterrupt_AVR8.o
EVENT_USB_Device_StartOfFrame                     obj_hhkb/protocol/lufa/lufa.o
                                                  obj_hhkb/protocol/lufa/LUFA-git/LUFA/Drivers/USB/Core/AVR8/USBInterrupt_AVR8.o
EVENT_USB_Device_Suspend                          obj_hhkb/protocol/lufa/lufa.o
                                                  obj_hhkb/protocol/lufa/LUFA-git/LUFA/Drivers/USB/Core/AVR8/USBInterrupt_AVR8.o
EVENT_USB_Device_WakeUp                           obj_hhkb/protocol/lufa/lufa.o
                                                  obj_hhkb/protocol/lufa/LUFA-git/LUFA/Drivers/USB/Core/AVR8/USBInterrupt_AVR8.o
Endpoint_ClearEndpoints                           obj_hhkb/protocol/lufa/LUFA-git/LUFA/Drivers/USB/Core/AVR8/Endpoint_AVR8.o
Endpoint_ClearStatusStage                         obj_hhkb/protocol/lufa/LUFA-git/LUFA/Drivers/USB/Core/AVR8/Endpoint_AVR8.o
                                                  obj_hhkb/protocol/lufa/LUFA-git/LUFA/Drivers/USB/Core/DeviceStandardReq.o
                                                  obj_hhkb/protocol/lufa/lufa.o
Endpoint_ConfigureEndpointTable                   obj_hhkb/protocol/lufa/LUFA-git/LUFA/Drivers/USB/Core/AVR8/Endpoint_AVR8.o
Endpoint_ConfigureEndpoint_Prv                    obj_hhkb/protocol/lufa/LUFA-git/LUFA/Drivers/USB/Core/AVR8/Endpoint_AVR8.o
                                                  obj_hhkb/protocol/lufa/LUFA-git/LUFA/Drivers/USB/Core/AVR8/USBInterrupt_AVR8.o
                                                  obj_hhkb/protocol/lufa/LUFA-git/LUFA/Drivers/USB/Core/AVR8/USBController_AVR8.o
                                                  obj_hhkb/protocol/lufa/lufa.o
Endpoint_Discard_Stream                           obj_hhkb/protocol/lufa/LUFA-git/LUFA/Drivers/USB/Core/AVR8/EndpointStream_AVR8.o
Endpoint_Null_Stream                              obj_hhkb/protocol/lufa/LUFA-git/LUFA/Drivers/USB/Core/AVR8/EndpointStream_AVR8.o
Endpoint_Read_Control_EStream_BE                  obj_hhkb/protocol/lufa/LUFA-git/LUFA/Drivers/USB/Core/AVR8/EndpointStream_AVR8.o
Endpoint_Read_Control_EStream_LE                  obj_hhkb/protocol/lufa/LUFA-git/LUFA/Drivers/USB/Core/AVR8/EndpointStream_AVR8.o
Endpoint_Read_Control_Stream_BE                   obj_hhkb/protocol/lufa/LUFA-git/LUFA/Drivers/USB/Core/AVR8/EndpointStream_AVR8.o
Endpoint_Read_Control_Stream_LE                   obj_hhkb/protocol/lufa/LUFA-git/LUFA/Drivers/USB/Core/AVR8/EndpointStream_AVR8.o